Archive member included to satisfy reference by file (symbol)

C:/ST/STM32CubeIDE_2.0.0/STM32CubeIDE/plugins/com.st.stm32cube.ide.mcu.externaltools.gnu-tools-for-stm32.13.3.rel1.win32_1.0.100.202509120712/tools/bin/../lib/gcc/arm-none-eabi/13.3.1/../../../../arm-none-eabi/lib/thumb/v7-m/nofp\libc_nano.a(libc_a-exit.o)
                              C:/ST/STM32CubeIDE_2.0.0/STM32CubeIDE/plugins/com.st.stm32cube.ide.mcu.externaltools.gnu-tools-for-stm32.13.3.rel1.win32_1.0.100.202509120712/tools/bin/../lib/gcc/arm-none-eabi/13.3.1/../../../../arm-none-eabi/lib/thumb/v7-m/nofp/crt0.o (exit)
C:/ST/STM32CubeIDE_2.0.0/STM32CubeIDE/plugins/com.st.stm32cube.ide.mcu.externaltools.gnu-tools-for-stm32.13.3.rel1.win32_1.0.100.202509120712/tools/bin/../lib/gcc/arm-none-eabi/13.3.1/../../../../arm-none-eabi/lib/thumb/v7-m/nofp\libc_nano.a(libc_a-findfp.o)
                              C:/ST/STM32CubeIDE_2.0.0/STM32CubeIDE/plugins/com.st.stm32cube.ide.mcu.externaltools.gnu-tools-for-stm32.13.3.rel1.win32_1.0.100.202509120712/tools/bin/../lib/gcc/arm-none-eabi/13.3.1/../../../../arm-none-eabi/lib/thumb/v7-m/nofp\libc_nano.a(libc_a-exit.o) (__stdio_exit_handler)
C:/ST/STM32CubeIDE_2.0.0/STM32CubeIDE/plugins/com.st.stm32cube.ide.mcu.externaltools.gnu-tools-for-stm32.13.3.rel1.win32_1.0.100.202509120712/tools/bin/../lib/gcc/arm-none-eabi/13.3.1/../../../../arm-none-eabi/lib/thumb/v7-m/nofp\libc_nano.a(libc_a-fwalk.o)
                              C:/ST/STM32CubeIDE_2.0.0/STM32CubeIDE/plugins/com.st.stm32cube.ide.mcu.externaltools.gnu-tools-for-stm32.13.3.rel1.win32_1.0.100.202509120712/tools/bin/../lib/gcc/arm-none-eabi/13.3.1/../../../../arm-none-eabi/lib/thumb/v7-m/nofp\libc_nano.a(libc_a-findfp.o) (_fwalk_sglue)
C:/ST/STM32CubeIDE_2.0.0/STM32CubeIDE/plugins/com.st.stm32cube.ide.mcu.externaltools.gnu-tools-for-stm32.13.3.rel1.win32_1.0.100.202509120712/tools/bin/../lib/gcc/arm-none-eabi/13.3.1/../../../../arm-none-eabi/lib/thumb/v7-m/nofp\libc_nano.a(libc_a-stdio.o)
                              C:/ST/STM32CubeIDE_2.0.0/STM32CubeIDE/plugins/com.st.stm32cube.ide.mcu.externaltools.gnu-tools-for-stm32.13.3.rel1.win32_1.0.100.202509120712/tools/bin/../lib/gcc/arm-none-eabi/13.3.1/../../../../arm-none-eabi/lib/thumb/v7-m/nofp\libc_nano.a(libc_a-findfp.o) (__sread)
C:/ST/STM32CubeIDE_2.0.0/STM32CubeIDE/plugins/com.st.stm32cube.ide.mcu.externaltools.gnu-tools-for-stm32.13.3.rel1.win32_1.0.100.202509120712/tools/bin/../lib/gcc/arm-none-eabi/13.3.1/../../../../arm-none-eabi/lib/thumb/v7-m/nofp\libc_nano.a(libc_a-memset.o)
                              C:/ST/STM32CubeIDE_2.0.0/STM32CubeIDE/plugins/com.st.stm32cube.ide.mcu.externaltools.gnu-tools-for-stm32.13.3.rel1.win32_1.0.100.202509120712/tools/bin/../lib/gcc/arm-none-eabi/13.3.1/../../../../arm-none-eabi/lib/thumb/v7-m/nofp/crt0.o (memset)
C:/ST/STM32CubeIDE_2.0.0/STM32CubeIDE/plugins/com.st.stm32cube.ide.mcu.externaltools.gnu-tools-for-stm32.13.3.rel1.win32_1.0.100.202509120712/tools/bin/../lib/gcc/arm-none-eabi/13.3.1/../../../../arm-none-eabi/lib/thumb/v7-m/nofp\libc_nano.a(libc_a-closer.o)
                              C:/ST/STM32CubeIDE_2.0.0/STM32CubeIDE/plugins/com.st.stm32cube.ide.mcu.externaltools.gnu-tools-for-stm32.13.3.rel1.win32_1.0.100.202509120712/tools/bin/../lib/gcc/arm-none-eabi/13.3.1/../../../../arm-none-eabi/lib/thumb/v7-m/nofp\libc_nano.a(libc_a-stdio.o) (_close_r)
C:/ST/STM32CubeIDE_2.0.0/STM32CubeIDE/plugins/com.st.stm32cube.ide.mcu.externaltools.gnu-tools-for-stm32.13.3.rel1.win32_1.0.100.202509120712/tools/bin/../lib/gcc/arm-none-eabi/13.3.1/../../../../arm-none-eabi/lib/thumb/v7-m/nofp\libc_nano.a(libc_a-reent.o)
                              C:/ST/STM32CubeIDE_2.0.0/STM32CubeIDE/plugins/com.st.stm32cube.ide.mcu.externaltools.gnu-tools-for-stm32.13.3.rel1.win32_1.0.100.202509120712/tools/bin/../lib/gcc/arm-none-eabi/13.3.1/../../../../arm-none-eabi/lib/thumb/v7-m/nofp\libc_nano.a(libc_a-closer.o) (errno)
C:/ST/STM32CubeIDE_2.0.0/STM32CubeIDE/plugins/com.st.stm32cube.ide.mcu.externaltools.gnu-tools-for-stm32.13.3.rel1.win32_1.0.100.202509120712/tools/bin/../lib/gcc/arm-none-eabi/13.3.1/../../../../arm-none-eabi/lib/thumb/v7-m/nofp\libc_nano.a(libc_a-impure.o)
                              C:/ST/STM32CubeIDE_2.0.0/STM32CubeIDE/plugins/com.st.stm32cube.ide.mcu.externaltools.gnu-tools-for-stm32.13.3.rel1.win32_1.0.100.202509120712/tools/bin/../lib/gcc/arm-none-eabi/13.3.1/../../../../arm-none-eabi/lib/thumb/v7-m/nofp\libc_nano.a(libc_a-reent.o) (_impure_ptr)
C:/ST/STM32CubeIDE_2.0.0/STM32CubeIDE/plugins/com.st.stm32cube.ide.mcu.externaltools.gnu-tools-for-stm32.13.3.rel1.win32_1.0.100.202509120712/tools/bin/../lib/gcc/arm-none-eabi/13.3.1/../../../../arm-none-eabi/lib/thumb/v7-m/nofp\libc_nano.a(libc_a-lseekr.o)
[...]
Memory Configuration

Name             Origin             Length             Attributes
RAM              0x20000000         0x00005000         xrw
FLASH            0x08000000         0x00010000         xr
*default*        0x00000000         0xffffffff

Linker script and memory map

LOAD C:/ST/STM32CubeIDE_2.0.0/STM32CubeIDE/plugins/com.st.stm32cube.ide.mcu.externaltools.gnu-tools-for-stm32.13.3.rel1.win32_1.0.100.202509120712/tools/bin/../lib/gcc/arm-none-eabi/13.3.1/thumb/v7-m/nofp/crti.o
LOAD C:/ST/STM32CubeIDE_2.0.0/STM32CubeIDE/plugins/com.st.stm32cube.ide.mcu.externaltools.gnu-tools-for-stm32.13.3.rel1.win32_1.0.100.202509120712/tools/bin/../lib/gcc/arm-none-eabi/13.3.1/thumb/v7-m/nofp/crtbegin.o
LOAD C:/ST/STM32CubeIDE_2.0.0/STM32CubeIDE/plugins/com.st.stm32cube.ide.mcu.externaltools.gnu-tools-for-stm32.13.3.rel1.win32_1.0.100.202509120712/tools/bin/../lib/gcc/arm-none-eabi/13.3.1/../../../../arm-none-eabi/lib/thumb/v7-m/nofp/crt0.o
LOAD ./Core/Src/consolidacion.o
LOAD ./Core/Src/freertos.o
LOAD ./Core/Src/gpio.o
LOAD ./Core/Src/i2c.o
LOAD ./Core/Src/main.o
LOAD ./Core/Src/spi.o
LOAD ./Core/Src/stm32f1xx_hal_msp.o
LOAD ./Core/Src/stm32f1xx_hal_timebase_tim.o
LOAD ./Core/Src/stm32f1xx_it.o
LOAD ./Core/Src/syscalls.o
LOAD ./Core/Src/sysmem.o
LOAD ./Core/Src/system_stm32f1xx.o
LOAD ./Core/Src/telemetria_obc.o
LOAD ./Core/Startup/startup_stm32f103c8tx.o
LOAD ./Drivers/STM32F1xx_HAL_Driver/Src/stm32f1xx_hal.o
LOAD ./Drivers/STM32F1xx_HAL_Driver/Src/stm32f1xx_hal_cortex.o
LOAD ./Drivers/STM32F1xx_HAL_Driver/Src/stm32f1xx_hal_dma.o
LOAD ./Drivers/STM32F1xx_HAL_Driver/Src/stm32f1xx_hal_exti.o
LOAD ./Drivers/STM32F1xx_HAL_Driver/Src/stm32f1xx_hal_flash.o
LOAD ./Drivers/STM32F1xx_HAL_Driver/Src/stm32f1xx_hal_flash_ex.o
LOAD ./Drivers/STM32F1xx_HAL_Driver/Src/stm32f1xx_hal_gpio.o
LOAD ./Drivers/STM32F1xx_HAL_Driver/Src/stm32f1xx_hal_gpio_ex.o
LOAD ./Drivers/STM32F1xx_HAL_Driver/Src/stm32f1xx_hal_i2c.o
LOAD ./Drivers/STM32F1xx_HAL_Driver/Src/stm32f1xx_hal_pwr.o
LOAD ./Drivers/STM32F1xx_HAL_Driver/Src/stm32f1xx_hal_rcc.o
LOAD ./Drivers/STM32F1xx_HAL_Driver/Src/stm32f1xx_hal_rcc_ex.o
LOAD ./Drivers/STM32F1xx_HAL_Driver/Src/stm32f1xx_hal_spi.o
LOAD ./Drivers/STM32F1xx_HAL_Driver/Src/stm32f1xx_hal_tim.o
LOAD ./Drivers/STM32F1xx_HAL_Driver/Src/stm32f1xx_hal_tim_ex.o
LOAD ./Middlewares/Third_Party/FreeRTOS/Source/CMSIS_RTOS/cmsis_os.o
LOAD ./Middlewares/Third_Party/FreeRTOS/Source/croutine.o
LOAD ./Middlewares/Third_Party/FreeRTOS/Source/event_groups.o
LOAD ./Middlewares/Third_Party/FreeRTOS/Source/list.o
LOAD ./Middlewares/Third_Party/FreeRTOS/Source/queue.o
LOAD ./Middlewares/Third_Party/FreeRTOS/Source/stream_buffer.o
LOAD ./Middlewares/Third_Party/FreeRTOS/Source/tasks.o
LOAD ./Middlewares/Third_Party/FreeRTOS/Source/timers.o
LOAD ./Middlewares/Third_Party/FreeRTOS/Source/portable/GCC/ARM_CM3/port.o
LOAD ./Middlewares/Third_Party/FreeRTOS/Source/portable/MemMang/heap_4.o
START GROUP
LOAD C:/ST/STM32CubeIDE_2.0.0/STM32CubeIDE/plugins/com.st.stm32cube.ide.mcu.externaltools.gnu-tools-for-stm32.13.3.rel1.win32_1.0.100.202509120712/tools/bin/../lib/gcc/arm-none-eabi/13.3.1/../../../../arm-none-eabi/lib/thumb/v7-m/nofp\libc_nano.a
LOAD C:/ST/STM32CubeIDE_2.0.0/STM32CubeIDE/plugins/com.st.stm32cube.ide.mcu.externaltools.gnu-tools-for-stm32.13.3.rel1.win32_1.0.100.202509120712/tools/bin/../lib/gcc/arm-none-eabi/13.3.1/../../../../arm-none-eabi/lib/thumb/v7-m/nofp\libm.a
END GROUP
START GROUP
LOAD C:/ST/STM32CubeIDE_2.0.0/STM32CubeIDE/plugins/com.st.stm32cube.ide.mcu.externaltools.gnu-tools-for-stm32.13.3.rel1.win32_1.0.100.202509120712/tools/bin/../lib/gcc/arm-none-eabi/13.3.1/thumb/v7-m/nofp\libgcc.a
LOAD C:/ST/STM32CubeIDE_2.0.0/STM32CubeIDE/plugins/com.st.stm32cube.ide.mcu.externaltools.gnu-tools-for-stm32.13.3.rel1.win32_1.0.100.202509120712/tools/bin/../lib/gcc/arm-none-eabi/13.3.1/../../../../arm-none-eabi/lib/thumb/v7-m/nofp\libc_nano.a
END GROUP
START GROUP
LOAD C:/ST/STM32CubeIDE_2.0.0/STM32CubeIDE/plugins/com.st.stm32cube.ide.mcu.externaltools.gnu-tools-for-stm32.13.3.rel1.win32_1.0.100.202509120712/tools/bin/../lib/gcc/arm-none-eabi/13.3.1/thumb/v7-m/nofp\libgcc.a
LOAD C:/ST/STM32CubeIDE_2.0.0/STM32CubeIDE/plugins/com.st.stm32cube.ide.mcu.externaltools.gnu-tools-for-stm32.13.3.rel1.win32_1.0.100.202509120712/tools/bin/../lib/gcc/arm-none-eabi/13.3.1/../../../../arm-none-eabi/lib/thumb/v7-m/nofp\libc_nano.a
LOAD C:/ST/STM32CubeIDE_2.0.0/STM32CubeIDE/plugins/com.st.stm32cube.ide.mcu.externaltools.gnu-tools-for-stm32.13.3.rel1.win32_1.0.100.202509120712/tools/bin/../lib/gcc/arm-none-eabi/13.3.1/../../../../arm-none-eabi/lib/thumb/v7-m/nofp\libnosys.a
END GROUP
START GROUP
LOAD C:/ST/STM32CubeIDE_2.0.0/STM32CubeIDE/plugins/com.st.stm32cube.ide.mcu.externaltools.gnu-tools-for-stm32.13.3.rel1.win32_1.0.100.202509120712/tools/bin/../lib/gcc/arm-none-eabi/13.3.1/thumb/v7-m/nofp\libgcc.a
LOAD C:/ST/STM32CubeIDE_2.0.0/STM32CubeIDE/plugins/com.st.stm32cube.ide.mcu.externaltools.gnu-tools-for-stm32.13.3.rel1.win32_1.0.100.202509120712/tools/bin/../lib/gcc/arm-none-eabi/13.3.1/../../../../arm-none-eabi/lib/thumb/v7-m/nofp\libc_nano.a
LOAD C:/ST/STM32CubeIDE_2.0.0/STM32CubeIDE/plugins/com.st.stm32cube.ide.mcu.externaltools.gnu-tools-for-stm32.13.3.rel1.win32_1.0.100.202509120712/tools/bin/../lib/gcc/arm-none-eabi/13.3.1/../../../../arm-none-eabi/lib/thumb/v7-m/nofp\libnosys.a
END GROUP
LOAD C:/ST/STM32CubeIDE_2.0.0/STM32CubeIDE/plugins/com.st.stm32cube.ide.mcu.externaltools.gnu-tools-for-stm32.13.3.rel1.win32_1.0.100.202509120712/tools/bin/../lib/gcc/arm-none-eabi/13.3.1/thumb/v7-m/nofp/crtend.o
LOAD C:/ST/STM32CubeIDE_2.0.0/STM32CubeIDE/plugins/com.st.stm32cube.ide.mcu.externaltools.gnu-tools-for-stm32.13.3.rel1.win32_1.0.100.202509120712/tools/bin/../lib/gcc/arm-none-eabi/13.3.1/thumb/v7-m/nofp/crtn.o
                0x20005000                        _estack = (ORIGIN (RAM) + LENGTH (RAM))
                0x00000200                        _Min_Heap_Size = 0x200
                0x00000400                        _Min_Stack_Size = 0x400

.isr_vector     0x08000000      0x10c
                0x08000000                        . = ALIGN (0x4)
 *(.isr_vector)
 .isr_vector    0x08000000      0x10c ./Core/Startup/startup_stm32f103c8tx.o
                0x08000000                g_pfnVectors
                0x0800010c                        . = ALIGN (0x4)

.text           0x08000110     0x3f68
                0x08000110                        . = ALIGN (0x4)
 *(.text)
 .text          0x08000110       0x40 C:/ST/STM32CubeIDE_2.0.0/STM32CubeIDE/plugins/com.st.stm32cube.ide.mcu.externaltools.gnu-tools-for-stm32.13.3.rel1.win32_1.0.100.202509120712/tools/bin/../lib/gcc/arm-none-eabi/13.3.1/thumb/v7-m/nofp/crtbegin.o
 *(.text*)
 .text.OBC_IniciarConsolidacion
                0x08000150       0x68 ./Core/Src/consolidacion.o
                0x08000150                OBC_IniciarConsolidacion
 .text.vApplicationGetIdleTaskMemory
                0x080001b8       0x30 ./Core/Src/freertos.o
                0x080001b8                vApplicationGetIdleTaskMemory
 .text.MX_FREERTOS_Init
                0x080001e8       0x8c ./Core/Src/freertos.o
                0x080001e8                MX_FREERTOS_Init
 .text.StartLecturaOBC
                0x08000274       0x16 ./Core/Src/freertos.o
                0x08000274                StartLecturaOBC
 .text.StartConsolidacion
                0x0800028a       0x16 ./Core/Src/freertos.o
                0x0800028a                StartConsolidacion
 .text.MX_GPIO_Init
                0x080002a0       0xd8 ./Core/Src/gpio.o
                0x080002a0                MX_GPIO_Init
 .text.MX_I2C2_Init
                0x08000378       0x5c ./Core/Src/i2c.o
                0x08000378                MX_I2C2_Init
 .text.HAL_I2C_MspInit
                0x080003d4       0x80 ./Core/Src/i2c.o
                0x080003d4                HAL_I2C_MspInit
 .text.main     0x08000454       0x24 ./Core/Src/main.o
                0x08000454                main
 .text.SystemClock_Config
                0x08000478       0x88 ./Core/Src/main.o
                0x08000478                SystemClock_Config
 .text.HAL_TIM_PeriodElapsedCallback
                0x08000500       0x24 ./Core/Src/main.o
                0x08000500                HAL_TIM_PeriodElapsedCallback
 .text.Error_Handler
                0x08000524        0xc ./Core/Src/main.o
                0x08000524                Error_Handler
 .text.MX_SPI1_Init
                0x08000530       0x6c ./Core/Src/spi.o
                0x08000530                MX_SPI1_Init
 .text.HAL_SPI_MspInit
                0x0800059c       0x94 ./Core/Src/spi.o
                0x0800059c                HAL_SPI_MspInit
 .text.HAL_MspInit
                0x08000630       0x70 ./Core/Src/stm32f1xx_hal_msp.o
                0x08000630                HAL_MspInit
 .text.HAL_InitTick
                0x080006a0       0xe4 ./Core/Src/stm32f1xx_hal_timebase_tim.o
                0x080006a0                HAL_InitTick
 .text.NMI_Handler
                0x08000784        0x8 ./Core/Src/stm32f1xx_it.o
                0x08000784                NMI_Handler
 .text.HardFault_Handler
                0x0800078c        0x8 ./Core/Src/stm32f1xx_it.o
                0x0800078c                HardFault_Handler
 .text.MemManage_Handler
                0x08000794        0x8 ./Core/Src/stm32f1xx_it.o
                0x08000794                MemManage_Handler
 .text.BusFault_Handler
                0x0800079c        0x8 ./Core/Src/stm32f1xx_it.o
                0x0800079c                BusFault_Handler
 .text.UsageFault_Handler
                0x080007a4        0x8 ./Core/Src/stm32f1xx_it.o
                0x080007a4                UsageFault_Handler
 .text.DebugMon_Handler
                0x080007ac        0xc ./Core/Src/stm32f1xx_it.o
                0x080007ac                DebugMon_Handler
 .text.TIM1_UP_IRQHandler
                0x080007b8       0x14 ./Core/Src/stm32f1xx_it.o
                0x080007b8                TIM1_UP_IRQHandler
 .text.SystemInit
                0x080007cc        0xc ./Core/Src/system_stm32f1xx.o
                0x080007cc                SystemInit
 .text.OBC_IniciarLectura
                0x080007d8       0x70 ./Core/Src/telemetria_obc.o
                0x080007d8                OBC_IniciarLectura
 .text.Reset_Handler
                0x08000848       0x48 ./Core/Startup/startup_stm32f103c8tx.o
                0x08000848                Reset_Handler
 .text.Default_Handler
                0x08000890        0x2 ./Core/Startup/startup_stm32f103c8tx.o
                0x08000890                RTC_Alarm_IRQHandler
                0x08000890                EXTI2_IRQHandler
                0x08000890                TIM1_CC_IRQHandler
                0x08000890                PVD_IRQHandler
                0x08000890                EXTI3_IRQHandler
                0x08000890                EXTI0_IRQHandler
                0x08000890                I2C2_EV_IRQHandler
                0x08000890                ADC1_2_IRQHandler
                0x08000890                SPI1_IRQHandler
                0x08000890                TAMPER_IRQHandler
                0x08000890                DMA1_Channel4_IRQHandler
                0x08000890                USART3_IRQHandler
                0x08000890                RTC_IRQHandler
                0x08000890                DMA1_Channel7_IRQHandler
                0x08000890                CAN1_RX1_IRQHandler
                0x08000890                TIM4_IRQHandler
                0x08000890                I2C1_EV_IRQHandler
                0x08000890                DMA1_Channel6_IRQHandler
                0x08000890                TIM3_IRQHandler
                0x08000890                RCC_IRQHandler
                0x08000890                TIM1_TRG_COM_IRQHandler
                0x08000890                DMA1_Channel1_IRQHandler
                0x08000890                Default_Handler
                0x08000890                EXTI15_10_IRQHandler
                0x08000890                EXTI9_5_IRQHandler
                0x08000890                SPI2_IRQHandler
                0x08000890                DMA1_Channel5_IRQHandler
                0x08000890                EXTI4_IRQHandler
                0x08000890                USB_LP_CAN1_RX0_IRQHandler
                0x08000890                USB_HP_CAN1_TX_IRQHandler
                0x08000890                DMA1_Channel3_IRQHandler
                0x08000890                WWDG_IRQHandler
                0x08000890                TIM2_IRQHandler
                0x08000890                TIM1_BRK_IRQHandler
                0x08000890                EXTI1_IRQHandler
                0x08000890                USART2_IRQHandler
                0x08000890                I2C2_ER_IRQHandler
                0x08000890                DMA1_Channel2_IRQHandler
                0x08000890                CAN1_SCE_IRQHandler
                0x08000890                FLASH_IRQHandler
                0x08000890                USART1_IRQHandler
                0x08000890                I2C1_ER_IRQHandler
                0x08000890                USBWakeUp_IRQHandler
 *fill*         0x08000892        0x2 
 .text.HAL_Init
                0x08000894       0x2c ./Drivers/STM32F1xx_HAL_Driver/Src/stm32f1xx_hal.o
                0x08000894                HAL_Init
 .text.HAL_IncTick
                0x080008c0       0x24 ./Drivers/STM32F1xx_HAL_Driver/Src/stm32f1xx_hal.o
                0x080008c0                HAL_IncTick
 .text.HAL_GetTick
                0x080008e4       0x14 ./Drivers/STM32F1xx_HAL_Driver/Src/stm32f1xx_hal.o
                0x080008e4                HAL_GetTick
 .text.__NVIC_SetPriorityGrouping
                0x080008f8       0x48 ./Drivers/STM32F1xx_HAL_Driver/Src/stm32f1xx_hal_cortex.o
 .text.__NVIC_GetPriorityGrouping
                0x08000940       0x1c ./Drivers/STM32F1xx_HAL_Driver/Src/stm32f1xx_hal_cortex.o
 .text.__NVIC_EnableIRQ
                0x0800095c       0x38 ./Drivers/STM32F1xx_HAL_Driver/Src/stm32f1xx_hal_cortex.o
 .text.__NVIC_SetPriority
                0x08000994       0x54 ./Drivers/STM32F1xx_HAL_Driver/Src/stm32f1xx_hal_cortex.o
 .text.NVIC_EncodePriority
                0x080009e8       0x64 ./Drivers/STM32F1xx_HAL_Driver/Src/stm32f1xx_hal_cortex.o
 .text.HAL_NVIC_SetPriorityGrouping
                0x08000a4c       0x16 ./Drivers/STM32F1xx_HAL_Driver/Src/stm32f1xx_hal_cortex.o
                0x08000a4c                HAL_NVIC_SetPriorityGrouping
 .text.HAL_NVIC_SetPriority
                0x08000a62       0x38 ./Drivers/STM32F1xx_HAL_Driver/Src/stm32f1xx_hal_cortex.o
                0x08000a62                HAL_NVIC_SetPriority
 .text.HAL_NVIC_EnableIRQ
                0x08000a9a       0x1c ./Drivers/STM32F1xx_HAL_Driver/Src/stm32f1xx_hal_cortex.o
                0x08000a9a                HAL_NVIC_EnableIRQ
 *fill*         0x08000ab6        0x2 
 .text.HAL_GPIO_Init
                0x08000ab8      0x308 ./Drivers/STM32F1xx_HAL_Driver/Src/stm32f1xx_hal_gpio.o
                0x08000ab8                HAL_GPIO_Init
 .text.HAL_GPIO_WritePin
                0x08000dc0       0x30 ./Drivers/STM32F1xx_HAL_Driver/Src/stm32f1xx_hal_gpio.o
                0x08000dc0                HAL_GPIO_WritePin
 .text.HAL_GPIO_TogglePin
                0x08000df0       0x32 ./Drivers/STM32F1xx_HAL_Driver/Src/stm32f1xx_hal_gpio.o
                0x08000df0                HAL_GPIO_TogglePin
 *fill*         0x08000e22        0x2 
 .text.HAL_I2C_Init
                0x08000e24      0x288 ./Drivers/STM32F1xx_HAL_Driver/Src/stm32f1xx_hal_i2c.o
                0x08000e24                HAL_I2C_Init
 .text.HAL_RCC_OscConfig
                0x080010ac      0x504 ./Drivers/STM32F1xx_HAL_Driver/Src/stm32f1xx_hal_rcc.o
                0x080010ac                HAL_RCC_OscConfig
 .text.HAL_RCC_ClockConfig
                0x080015b0      0x1d4 ./Drivers/STM32F1xx_HAL_Driver/Src/stm32f1xx_hal_rcc.o
                0x080015b0                HAL_RCC_ClockConfig
 .text.HAL_RCC_GetSysClockFreq
                0x08001784       0xa8 ./Drivers/STM32F1xx_HAL_Driver/Src/stm32f1xx_hal_rcc.o
                0x08001784                HAL_RCC_GetSysClockFreq
 .text.HAL_RCC_GetHCLKFreq
                0x0800182c       0x14 ./Drivers/STM32F1xx_HAL_Driver/Src/stm32f1xx_hal_rcc.o
                0x0800182c                HAL_RCC_GetHCLKFreq
 .text.HAL_RCC_GetPCLK1Freq
                0x08001840       0x28 ./Drivers/STM32F1xx_HAL_Driver/Src/stm32f1xx_hal_rcc.o
                0x08001840                HAL_RCC_GetPCLK1Freq
 .text.HAL_RCC_GetPCLK2Freq
                0x08001868       0x28 ./Drivers/STM32F1xx_HAL_Driver/Src/stm32f1xx_hal_rcc.o
                0x08001868                HAL_RCC_GetPCLK2Freq
 .text.HAL_RCC_GetClockConfig
                0x08001890       0x60 ./Drivers/STM32F1xx_HAL_Driver/Src/stm32f1xx_hal_rcc.o
                0x08001890                HAL_RCC_GetClockConfig
 .text.RCC_Delay
                0x080018f0       0x3c ./Drivers/STM32F1xx_HAL_Driver/Src/stm32f1xx_hal_rcc.o
 .text.HAL_SPI_Init
                0x0800192c      0x108 ./Drivers/STM32F1xx_HAL_Driver/Src/stm32f1xx_hal_spi.o
                0x0800192c                HAL_SPI_Init
 .text.HAL_TIM_Base_Init
                0x08001a34       0x9e ./Drivers/STM32F1xx_HAL_Driver/Src/stm32f1xx_hal_tim.o
                0x08001a34                HAL_TIM_Base_Init
 .text.HAL_TIM_Base_MspInit
                0x08001ad2       0x12 ./Drivers/STM32F1xx_HAL_Driver/Src/stm32f1xx_hal_tim.o
                0x08001ad2                HAL_TIM_Base_MspInit
 .text.HAL_TIM_Base_Start_IT
                0x08001ae4       0xa4 ./Drivers/STM32F1xx_HAL_Driver/Src/stm32f1xx_hal_tim.o
                0x08001ae4                HAL_TIM_Base_Start_IT
 .text.HAL_TIM_IRQHandler
                0x08001b88      0x1e0 ./Drivers/STM32F1xx_HAL_Driver/Src/stm32f1xx_hal_tim.o
                0x08001b88                HAL_TIM_IRQHandler
 .text.HAL_TIM_OC_DelayElapsedCallback
                0x08001d68       0x12 ./Drivers/STM32F1xx_HAL_Driver/Src/stm32f1xx_hal_tim.o
                0x08001d68                HAL_TIM_OC_DelayElapsedCallback
 .text.HAL_TIM_IC_CaptureCallback
                0x08001d7a       0x12 ./Drivers/STM32F1xx_HAL_Driver/Src/stm32f1xx_hal_tim.o
                0x08001d7a                HAL_TIM_IC_CaptureCallback
 .text.HAL_TIM_PWM_PulseFinishedCallback
                0x08001d8c       0x12 ./Drivers/STM32F1xx_HAL_Driver/Src/stm32f1xx_hal_tim.o
                0x08001d8c                HAL_TIM_PWM_PulseFinishedCallback
 .text.HAL_TIM_TriggerCallback
                0x08001d9e       0x12 ./Drivers/STM32F1xx_HAL_Driver/Src/stm32f1xx_hal_tim.o
                0x08001d9e                HAL_TIM_TriggerCallback
 .text.TIM_Base_SetConfig
                0x08001db0       0xdc ./Drivers/STM32F1xx_HAL_Driver/Src/stm32f1xx_hal_tim.o
                0x08001db0                TIM_Base_SetConfig
 .text.HAL_TIMEx_CommutCallback
                0x08001e8c       0x12 ./Drivers/STM32F1xx_HAL_Driver/Src/stm32f1xx_hal_tim_ex.o
                0x08001e8c                HAL_TIMEx_CommutCallback
 .text.HAL_TIMEx_BreakCallback
                0x08001e9e       0x12 ./Drivers/STM32F1xx_HAL_Driver/Src/stm32f1xx_hal_tim_ex.o
                0x08001e9e                HAL_TIMEx_BreakCallback
 .text.makeFreeRtosPriority
                0x08001eb0       0x2e ./Middlewares/Third_Party/FreeRTOS/Source/CMSIS_RTOS/cmsis_os.o
 .text.osKernelStart
                0x08001ede        0xe ./Middlewares/Third_Party/FreeRTOS/Source/CMSIS_RTOS/cmsis_os.o
                0x08001ede                osKernelStart
 .text.osThreadCreate
                0x08001eec       0x98 ./Middlewares/Third_Party/FreeRTOS/Source/CMSIS_RTOS/cmsis_os.o
                0x08001eec                osThreadCreate
 .text.osMessageCreate
                0x08001f84       0x50 ./Middlewares/Third_Party/FreeRTOS/Source/CMSIS_RTOS/cmsis_os.o
                0x08001f84                osMessageCreate
 .text.vListInitialise
                0x08001fd4       0x3e ./Middlewares/Third_Party/FreeRTOS/Source/list.o
                0x08001fd4                vListInitialise
 .text.vListInitialiseItem
                0x08002012       0x18 ./Middlewares/Third_Party/FreeRTOS/Source/list.o
                0x08002012                vListInitialiseItem
 .text.vListInsertEnd
                0x0800202a       0x46 ./Middlewares/Third_Party/FreeRTOS/Source/list.o
                0x0800202a                vListInsertEnd
 .text.vListInsert
                0x08002070       0x70 ./Middlewares/Third_Party/FreeRTOS/Source/list.o
                0x08002070                vListInsert
 .text.uxListRemove
                0x080020e0       0x52 ./Middlewares/Third_Party/FreeRTOS/Source/list.o
                0x080020e0                uxListRemove
 *fill*         0x08002132        0x2 
 .text.xQueueGenericReset
                0x08002134       0xd4 ./Middlewares/Third_Party/FreeRTOS/Source/queue.o
                0x08002134                xQueueGenericReset
 .text.xQueueGenericCreateStatic
                0x08002208       0xfa ./Middlewares/Third_Party/FreeRTOS/Source/queue.o
                0x08002208                xQueueGenericCreateStatic
 .text.xQueueGenericCreate
                0x08002302       0x76 ./Middlewares/Third_Party/FreeRTOS/Source/queue.o
                0x08002302                xQueueGenericCreate
 .text.prvInitialiseNewQueue
                0x08002378       0x3e ./Middlewares/Third_Party/FreeRTOS/Source/queue.o
 *fill*         0x080023b6        0x2 
 .text.xQueueGenericSend
                0x080023b8      0x204 ./Middlewares/Third_Party/FreeRTOS/Source/queue.o
                0x080023b8                xQueueGenericSend
 .text.xQueueReceive
                0x080025bc      0x1c4 ./Middlewares/Third_Party/FreeRTOS/Source/queue.o
                0x080025bc                xQueueReceive
 .text.prvCopyDataToQueue
                0x08002780       0xd4 ./Middlewares/Third_Party/FreeRTOS/Source/queue.o
 .text.prvCopyDataFromQueue
                0x08002854       0x4c ./Middlewares/Third_Party/FreeRTOS/Source/queue.o
 .text.prvUnlockQueue
                0x080028a0       0xa4 ./Middlewares/Third_Party/FreeRTOS/Source/queue.o
 .text.prvIsQueueEmpty
                0x08002944       0x2c ./Middlewares/Third_Party/FreeRTOS/Source/queue.o
 .text.prvIsQueueFull
                0x08002970       0x30 ./Middlewares/Third_Party/FreeRTOS/Source/queue.o
 .text.xTaskCreateStatic
                0x080029a0       0xc0 ./Middlewares/Third_Party/FreeRTOS/Source/tasks.o
                0x080029a0                xTaskCreateStatic
 .text.xTaskCreate
                0x08002a60       0x8a ./Middlewares/Third_Party/FreeRTOS/Source/tasks.o
                0x08002a60                xTaskCreate
 .text.prvInitialiseNewTask
                0x08002aea      0x120 ./Middlewares/Third_Party/FreeRTOS/Source/tasks.o
 *fill*         0x08002c0a        0x2 
 .text.prvAddNewTaskToReadyList
                0x08002c0c       0xd4 ./Middlewares/Third_Party/FreeRTOS/Source/tasks.o
 .text.vTaskDelayUntil
                0x08002ce0      0x100 ./Middlewares/Third_Party/FreeRTOS/Source/tasks.o
                0x08002ce0                vTaskDelayUntil
 .text.vTaskStartScheduler
                0x08002de0       0xc4 ./Middlewares/Third_Party/FreeRTOS/Source/tasks.o
                0x08002de0                vTaskStartScheduler
 .text.vTaskSuspendAll
                0x08002ea4       0x1c ./Middlewares/Third_Party/FreeRTOS/Source/tasks.o
                0x08002ea4                vTaskSuspendAll
 .text.xTaskResumeAll
                0x08002ec0      0x13c ./Middlewares/Third_Party/FreeRTOS/Source/tasks.o
                0x08002ec0                xTaskResumeAll
 .text.xTaskGetTickCount
                0x08002ffc       0x1c ./Middlewares/Third_Party/FreeRTOS/Source/tasks.o
                0x08002ffc                xTaskGetTickCount
 .text.xTaskIncrementTick
                0x08003018      0x174 ./Middlewares/Third_Party/FreeRTOS/Source/tasks.o
                0x08003018                xTaskIncrementTick
 .text.vTaskSwitchContext
                0x0800318c       0xb8 ./Middlewares/Third_Party/FreeRTOS/Source/tasks.o
                0x0800318c                vTaskSwitchContext
 .text.vTaskPlaceOnEventList
                0x08003244       0x4c ./Middlewares/Third_Party/FreeRTOS/Source/tasks.o
                0x08003244                vTaskPlaceOnEventList
 .text.xTaskRemoveFromEventList
                0x08003290       0xc8 ./Middlewares/Third_Party/FreeRTOS/Source/tasks.o
                0x08003290                xTaskRemoveFromEventList
 .text.vTaskInternalSetTimeOutState
                0x08003358       0x2c ./Middlewares/Third_Party/FreeRTOS/Source/tasks.o
                0x08003358                vTaskInternalSetTimeOutState
 .text.xTaskCheckForTimeOut
                0x08003384       0xc8 ./Middlewares/Third_Party/FreeRTOS/Source/tasks.o
                0x08003384                xTaskCheckForTimeOut
 .text.vTaskMissedYield
                0x0800344c       0x18 ./Middlewares/Third_Party/FreeRTOS/Source/tasks.o
                0x0800344c                vTaskMissedYield
 .text.prvIdleTask
                0x08003464       0x30 ./Middlewares/Third_Party/FreeRTOS/Source/tasks.o
 .text.prvInitialiseTaskLists
                0x08003494       0x80 ./Middlewares/Third_Party/FreeRTOS/Source/tasks.o
 .text.prvCheckTasksWaitingTermination
                0x08003514       0x5c ./Middlewares/Third_Party/FreeRTOS/Source/tasks.o
 .text.prvTaskCheckFreeStackSpace
                0x08003570       0x36 ./Middlewares/Third_Party/FreeRTOS/Source/tasks.o
 *fill*         0x080035a6        0x2 
 .text.uxTaskGetStackHighWaterMark
                0x080035a8       0x38 ./Middlewares/Third_Party/FreeRTOS/Source/tasks.o
                0x080035a8                uxTaskGetStackHighWaterMark
 .text.prvDeleteTCB
                0x080035e0       0x60 ./Middlewares/Third_Party/FreeRTOS/Source/tasks.o
 .text.prvResetNextTaskUnblockTime
                0x08003640       0x40 ./Middlewares/Third_Party/FreeRTOS/Source/tasks.o
 .text.xTaskGetSchedulerState
                0x08003680       0x3c ./Middlewares/Third_Party/FreeRTOS/Source/tasks.o
                0x08003680                xTaskGetSchedulerState
 .text.xTaskPriorityDisinherit
                0x080036bc      0x110 ./Middlewares/Third_Party/FreeRTOS/Source/tasks.o
                0x080036bc                xTaskPriorityDisinherit
 .text.prvAddCurrentTaskToDelayedList
                0x080037cc       0xcc ./Middlewares/Third_Party/FreeRTOS/Source/tasks.o
 .text.pxPortInitialiseStack
                0x08003898       0x58 ./Middlewares/Third_Party/FreeRTOS/Source/portable/GCC/ARM_CM3/port.o
                0x08003898                pxPortInitialiseStack
 .text.prvTaskExitError
                0x080038f0       0x58 ./Middlewares/Third_Party/FreeRTOS/Source/portable/GCC/ARM_CM3/port.o
 *fill*         0x08003948        0x8 
 .text.SVC_Handler
                0x08003950       0x28 ./Middlewares/Third_Party/FreeRTOS/Source/portable/GCC/ARM_CM3/port.o
                0x08003950                SVC_Handler
 .text.prvPortStartFirstTask
                0x08003978       0x20 ./Middlewares/Third_Party/FreeRTOS/Source/portable/GCC/ARM_CM3/port.o
 .text.xPortStartScheduler
                0x08003998       0xe4 ./Middlewares/Third_Party/FreeRTOS/Source/portable/GCC/ARM_CM3/port.o
                0x08003998                xPortStartScheduler
 .text.vPortEnterCritical
                0x08003a7c       0x60 ./Middlewares/Third_Party/FreeRTOS/Source/portable/GCC/ARM_CM3/port.o
                0x08003a7c                vPortEnterCritical
 .text.vPortExitCritical
                0x08003adc       0x54 ./Middlewares/Third_Party/FreeRTOS/Source/portable/GCC/ARM_CM3/port.o
                0x08003adc                vPortExitCritical
 .text.PendSV_Handler
                0x08003b30       0x48 ./Middlewares/Third_Party/FreeRTOS/Source/portable/GCC/ARM_CM3/port.o
                0x08003b30                PendSV_Handler
 .text.SysTick_Handler
                0x08003b78       0x44 ./Middlewares/Third_Party/FreeRTOS/Source/portable/GCC/ARM_CM3/port.o
                0x08003b78                SysTick_Handler
 .text.vPortSetupTimerInterrupt
                0x08003bbc       0x44 ./Middlewares/Third_Party/FreeRTOS/Source/portable/GCC/ARM_CM3/port.o
                0x08003bbc                vPortSetupTimerInterrupt
 .text.pvPortMalloc
                0x08003c00      0x19c ./Middlewares/Third_Party/FreeRTOS/Source/portable/MemMang/heap_4.o
                0x08003c00                pvPortMalloc
 .text.vPortFree
                0x08003d9c       0xc8 ./Middlewares/Third_Party/FreeRTOS/Source/portable/MemMang/heap_4.o
                0x08003d9c                vPortFree
 .text.xPortGetFreeHeapSize
                0x08003e64       0x14 ./Middlewares/Third_Party/FreeRTOS/Source/portable/MemMang/heap_4.o
                0x08003e64                xPortGetFreeHeapSize
 .text.prvHeapInit
                0x08003e78       0xc4 ./Middlewares/Third_Party/FreeRTOS/Source/portable/MemMang/heap_4.o
 .text.prvInsertBlockIntoFreeList
                0x08003f3c       0xb0 ./Middlewares/Third_Party/FreeRTOS/Source/portable/MemMang/heap_4.o
 .text.memset   0x08003fec       0x10 C:/ST/STM32CubeIDE_2.0.0/STM32CubeIDE/plugins/com.st.stm32cube.ide.mcu.externaltools.gnu-tools-for-stm32.13.3.rel1.win32_1.0.100.202509120712/tools/bin/../lib/gcc/arm-none-eabi/13.3.1/../../../../arm-none-eabi/lib/thumb/v7-m/nofp\libc_nano.a(libc_a-memset.o)
                0x08003fec                memset
 .text.__libc_init_array
                0x08003ffc       0x48 C:/ST/STM32CubeIDE_2.0.0/STM32CubeIDE/plugins/com.st.stm32cube.ide.mcu.externaltools.gnu-tools-for-stm32.13.3.rel1.win32_1.0.100.202509120712/tools/bin/../lib/gcc/arm-none-eabi/13.3.1/../../../../arm-none-eabi/lib/thumb/v7-m/nofp\libc_nano.a(libc_a-init.o)
                0x08003ffc                __libc_init_array
 .text.memcpy   0x08004044       0x1c C:/ST/STM32CubeIDE_2.0.0/STM32CubeIDE/plugins/com.st.stm32cube.ide.mcu.externaltools.gnu-tools-for-stm32.13.3.rel1.win32_1.0.100.202509120712/tools/bin/../lib/gcc/arm-none-eabi/13.3.1/../../../../arm-none-eabi/lib/thumb/v7-m/nofp\libc_nano.a(libc_a-memcpy-stub.o)
                0x08004044                memcpy
 *(.glue_7)
 .glue_7        0x08004060        0x0 linker stubs
 *(.glue_7t)
 .glue_7t       0x08004060        0x0 linker stubs
 *(.eh_frame)
 .eh_frame      0x08004060        0x0 C:/ST/STM32CubeIDE_2.0.0/STM32CubeIDE/plugins/com.st.stm32cube.ide.mcu.externaltools.gnu-tools-for-stm32.13.3.rel1.win32_1.0.100.202509120712/tools/bin/../lib/gcc/arm-none-eabi/13.3.1/thumb/v7-m/nofp/crtbegin.o
 *(.init)
 .init          0x08004060        0x4 C:/ST/STM32CubeIDE_2.0.0/STM32CubeIDE/plugins/com.st.stm32cube.ide.mcu.externaltools.gnu-tools-for-stm32.13.3.rel1.win32_1.0.100.202509120712/tools/bin/../lib/gcc/arm-none-eabi/13.3.1/thumb/v7-m/nofp/crti.o
                0x08004060                _init
 .init          0x08004064        0x8 C:/ST/STM32CubeIDE_2.0.0/STM32CubeIDE/plugins/com.st.stm32cube.ide.mcu.externaltools.gnu-tools-for-stm32.13.3.rel1.win32_1.0.100.202509120712/tools/bin/../lib/gcc/arm-none-eabi/13.3.1/thumb/v7-m/nofp/crtn.o
 *(.fini)
 .fini          0x0800406c        0x4 C:/ST/STM32CubeIDE_2.0.0/STM32CubeIDE/plugins/com.st.stm32cube.ide.mcu.externaltools.gnu-tools-for-stm32.13.3.rel1.win32_1.0.100.202509120712/tools/bin/../lib/gcc/arm-none-eabi/13.3.1/thumb/v7-m/nofp/crti.o
                0x0800406c                _fini
 .fini          0x08004070        0x8 C:/ST/STM32CubeIDE_2.0.0/STM32CubeIDE/plugins/com.st.stm32cube.ide.mcu.externaltools.gnu-tools-for-stm32.13.3.rel1.win32_1.0.100.202509120712/tools/bin/../lib/gcc/arm-none-eabi/13.3.1/thumb/v7-m/nofp/crtn.o
                0x08004078                        . = ALIGN (0x4)
                0x08004078                        _etext = .

.vfp11_veneer   0x08004078        0x0
 .vfp11_veneer  0x08004078        0x0 linker stubs

.v4_bx          0x08004078        0x0
 .v4_bx         0x08004078        0x0 linker stubs

.iplt           0x08004078        0x0
 .iplt          0x08004078        0x0 C:/ST/STM32CubeIDE_2.0.0/STM32CubeIDE/plugins/com.st.stm32cube.ide.mcu.externaltools.gnu-tools-for-stm32.13.3.rel1.win32_1.0.100.202509120712/tools/bin/../lib/gcc/arm-none-eabi/13.3.1/thumb/v7-m/nofp/crtbegin.o

.rodata         0x08004078       0x9c
                0x08004078                        . = ALIGN (0x4)
 *(.rodata)
 .rodata        0x08004078       0x68 ./Core/Src/freertos.o
 .rodata        0x080040e0        0x5 ./Middlewares/Third_Party/FreeRTOS/Source/tasks.o
 *(.rodata*)
 *fill*         0x080040e5        0x3 
 .rodata.AHBPrescTable
                0x080040e8       0x10 ./Core/Src/system_stm32f1xx.o
                0x080040e8                AHBPrescTable
 .rodata.APBPrescTable
                0x080040f8        0x8 ./Core/Src/system_stm32f1xx.o
                0x080040f8                APBPrescTable
 .rodata.aPLLMULFactorTable.1
                0x08004100       0x10 ./Drivers/STM32F1xx_HAL_Driver/Src/stm32f1xx_hal_rcc.o
 .rodata.aPredivFactorTable.0
                0x08004110        0x2 ./Drivers/STM32F1xx_HAL_Driver/Src/stm32f1xx_hal_rcc.o
                0x08004114                        . = ALIGN (0x4)
 *fill*         0x08004112        0x2 

.ARM.extab      0x08004114        0x0
                0x08004114                        . = ALIGN (0x4)
 *(.ARM.extab* .gnu.linkonce.armextab.*)
                0x08004114                        . = ALIGN (0x4)

.ARM            0x08004114        0x0
                0x08004114                        . = ALIGN (0x4)
                0x08004114                        __exidx_start = .
 *(.ARM.exidx*)
                0x08004114                        __exidx_end = .
                0x08004114                        . = ALIGN (0x4)

.preinit_array  0x08004114        0x0
                0x08004114                        . = ALIGN (0x4)
                0x08004114                        PROVIDE (__preinit_array_start = .)
 *(.preinit_array*)
                0x08004114                        PROVIDE (__preinit_array_end = .)
                0x08004114                        . = ALIGN (0x4)

.init_array     0x08004114        0x4
                0x08004114                        . = ALIGN (0x4)
                0x08004114                        PROVIDE (__init_array_start = .)
 *(SORT_BY_NAME(.init_array.*))
 *(.init_array*)
 .init_array    0x08004114        0x4 C:/ST/STM32CubeIDE_2.0.0/STM32CubeIDE/plugins/com.st.stm32cube.ide.mcu.externaltools.gnu-tools-for-stm32.13.3.rel1.win32_1.0.100.202509120712/tools/bin/../lib/gcc/arm-none-eabi/13.3.1/thumb/v7-m/nofp/crtbegin.o
                0x08004118                        PROVIDE (__init_array_end = .)
                0x08004118                        . = ALIGN (0x4)

.fini_array     0x08004118        0x4
                0x08004118                        . = ALIGN (0x4)
                [!provide]                        PROVIDE (__fini_array_start = .)
 *(SORT_BY_NAME(.fini_array.*))
 *(.fini_array*)
 .fini_array    0x08004118        0x4 C:/ST/STM32CubeIDE_2.0.0/STM32CubeIDE/plugins/com.st.stm32cube.ide.mcu.externaltools.gnu-tools-for-stm32.13.3.rel1.win32_1.0.100.202509120712/tools/bin/../lib/gcc/arm-none-eabi/13.3.1/thumb/v7-m/nofp/crtbegin.o
                [!provide]                        PROVIDE (__fini_array_end = .)
                0x0800411c                        . = ALIGN (0x4)
                0x0800411c                        _sidata = LOADADDR (.data)

.rel.dyn        0x0800411c        0x0
 .rel.iplt      0x0800411c        0x0 C:/ST/STM32CubeIDE_2.0.0/STM32CubeIDE/plugins/com.st.stm32cube.ide.mcu.externaltools.gnu-tools-for-stm32.13.3.rel1.win32_1.0.100.202509120712/tools/bin/../lib/gcc/arm-none-eabi/13.3.1/thumb/v7-m/nofp/crtbegin.o

.data           0x20000000       0x10 load address 0x0800411c
                0x20000000                        . = ALIGN (0x4)
                0x20000000                        _sdata = .
 *(.data)
 *(.data*)
 .data.SystemCoreClock
                0x20000000        0x4 ./Core/Src/system_stm32f1xx.o
                0x20000000                SystemCoreClock
 .data.uwTickPrio
                0x20000004        0x4 ./Drivers/STM32F1xx_HAL_Driver/Src/stm32f1xx_hal.o
                0x20000004                uwTickPrio
 .data.uwTickFreq
                0x20000008        0x1 ./Drivers/STM32F1xx_HAL_Driver/Src/stm32f1xx_hal.o
                0x20000008                uwTickFreq
 *fill*         0x20000009        0x3 
 .data.uxCriticalNesting
                0x2000000c        0x4 ./Middlewares/Third_Party/FreeRTOS/Source/portable/GCC/ARM_CM3/port.o
 *(.RamFunc)
 *(.RamFunc*)
                0x20000010                        . = ALIGN (0x4)
                0x20000010                        _edata = .

.igot.plt       0x20000010        0x0 load address 0x0800412c
 .igot.plt      0x20000010        0x0 C:/ST/STM32CubeIDE_2.0.0/STM32CubeIDE/plugins/com.st.stm32cube.ide.mcu.externaltools.gnu-tools-for-stm32.13.3.rel1.win32_1.0.100.202509120712/tools/bin/../lib/gcc/arm-none-eabi/13.3.1/thumb/v7-m/nofp/crtbegin.o
                0x20000010                        . = ALIGN (0x4)

.bss            0x20000010     0x10f0 load address 0x0800412c
                0x20000010                        _sbss = .
                0x20000010                        __bss_start__ = _sbss
 *(.bss)
 .bss           0x20000010       0x1c C:/ST/STM32CubeIDE_2.0.0/STM32CubeIDE/plugins/com.st.stm32cube.ide.mcu.externaltools.gnu-tools-for-stm32.13.3.rel1.win32_1.0.100.202509120712/tools/bin/../lib/gcc/arm-none-eabi/13.3.1/thumb/v7-m/nofp/crtbegin.o
 *(.bss*)
 .bss.TareaLecturaOBCHandle
                0x2000002c        0x4 ./Core/Src/freertos.o
                0x2000002c                TareaLecturaOBCHandle
 .bss.ConsolidacionHandle
                0x20000030        0x4 ./Core/Src/freertos.o
                0x20000030                ConsolidacionHandle
 .bss.ColaLecturaOBCHandle
                0x20000034        0x4 ./Core/Src/freertos.o
                0x20000034                ColaLecturaOBCHandle
 .bss.xIdleTaskTCBBuffer
                0x20000038       0x54 ./Core/Src/freertos.o
 .bss.xIdleStack
                0x2000008c      0x200 ./Core/Src/freertos.o
 .bss.hi2c2     0x2000028c       0x54 ./Core/Src/i2c.o
                0x2000028c                hi2c2
 .bss.hspi1     0x200002e0       0x58 ./Core/Src/spi.o
                0x200002e0                hspi1
 .bss.htim1     0x20000338       0x48 ./Core/Src/stm32f1xx_hal_timebase_tim.o
                0x20000338                htim1
 .bss.mi_telemetria
                0x20000380       0x28 ./Core/Src/telemetria_obc.o
                0x20000380                mi_telemetria
 .bss.uwTick    0x200003a8        0x4 ./Drivers/STM32F1xx_HAL_Driver/Src/stm32f1xx_hal.o
                0x200003a8                uwTick
 .bss.pxCurrentTCB
                0x200003ac        0x4 ./Middlewares/Third_Party/FreeRTOS/Source/tasks.o
                0x200003ac                pxCurrentTCB
 .bss.pxReadyTasksLists
                0x200003b0       0x8c ./Middlewares/Third_Party/FreeRTOS/Source/tasks.o
 .bss.xDelayedTaskList1
                0x2000043c       0x14 ./Middlewares/Third_Party/FreeRTOS/Source/tasks.o
 .bss.xDelayedTaskList2
                0x20000450       0x14 ./Middlewares/Third_Party/FreeRTOS/Source/tasks.o
 .bss.pxDelayedTaskList
                0x20000464        0x4 ./Middlewares/Third_Party/FreeRTOS/Source/tasks.o
 .bss.pxOverflowDelayedTaskList
                0x20000468        0x4 ./Middlewares/Third_Party/FreeRTOS/Source/tasks.o
 .bss.xPendingReadyList
                0x2000046c       0x14 ./Middlewares/Third_Party/FreeRTOS/Source/tasks.o
 .bss.xTasksWaitingTermination
                0x20000480       0x14 ./Middlewares/Third_Party/FreeRTOS/Source/tasks.o
 .bss.uxDeletedTasksWaitingCleanUp
                0x20000494        0x4 ./Middlewares/Third_Party/FreeRTOS/Source/tasks.o
 .bss.xSuspendedTaskList
                0x20000498       0x14 ./Middlewares/Third_Party/FreeRTOS/Source/tasks.o
 .bss.uxCurrentNumberOfTasks
                0x200004ac        0x4 ./Middlewares/Third_Party/FreeRTOS/Source/tasks.o
 .bss.xTickCount
                0x200004b0        0x4 ./Middlewares/Third_Party/FreeRTOS/Source/tasks.o
 .bss.uxTopReadyPriority
                0x200004b4        0x4 ./Middlewares/Third_Party/FreeRTOS/Source/tasks.o
 .bss.xSchedulerRunning
                0x200004b8        0x4 ./Middlewares/Third_Party/FreeRTOS/Source/tasks.o
 .bss.xPendedTicks
                0x200004bc        0x4 ./Middlewares/Third_Party/FreeRTOS/Source/tasks.o
 .bss.xYieldPending
                0x200004c0        0x4 ./Middlewares/Third_Party/FreeRTOS/Source/tasks.o
 .bss.xNumOfOverflows
                0x200004c4        0x4 ./Middlewares/Third_Party/FreeRTOS/Source/tasks.o
 .bss.uxTaskNumber
                0x200004c8        0x4 ./Middlewares/Third_Party/FreeRTOS/Source/tasks.o
 .bss.xNextTaskUnblockTime
                0x200004cc        0x4 ./Middlewares/Third_Party/FreeRTOS/Source/tasks.o
 .bss.xIdleTaskHandle
                0x200004d0        0x4 ./Middlewares/Third_Party/FreeRTOS/Source/tasks.o
 .bss.uxSchedulerSuspended
                0x200004d4        0x4 ./Middlewares/Third_Party/FreeRTOS/Source/tasks.o
 .bss.ucMaxSysCallPriority
                0x200004d8        0x1 ./Middlewares/Third_Party/FreeRTOS/Source/portable/GCC/ARM_CM3/port.o
 *fill*         0x200004d9        0x3 
 .bss.ulMaxPRIGROUPValue
                0x200004dc        0x4 ./Middlewares/Third_Party/FreeRTOS/Source/portable/GCC/ARM_CM3/port.o
 .bss.ucHeap    0x200004e0      0xc00 ./Middlewares/Third_Party/FreeRTOS/Source/portable/MemMang/heap_4.o
 .bss.xStart    0x200010e0        0x8 ./Middlewares/Third_Party/FreeRTOS/Source/portable/MemMang/heap_4.o
 .bss.pxEnd     0x200010e8        0x4 ./Middlewares/Third_Party/FreeRTOS/Source/portable/MemMang/heap_4.o
 .bss.xFreeBytesRemaining
                0x200010ec        0x4 ./Middlewares/Third_Party/FreeRTOS/Source/portable/MemMang/heap_4.o
 .bss.xMinimumEverFreeBytesRemaining
                0x200010f0        0x4 ./Middlewares/Third_Party/FreeRTOS/Source/portable/MemMang/heap_4.o
 .bss.xNumberOfSuccessfulAllocations
                0x200010f4        0x4 ./Middlewares/Third_Party/FreeRTOS/Source/portable/MemMang/heap_4.o
 .bss.xNumberOfSuccessfulFrees
                0x200010f8        0x4 ./Middlewares/Third_Party/FreeRTOS/Source/portable/MemMang/heap_4.o
 .bss.xBlockAllocatedBit
                0x200010fc        0x4 ./Middlewares/Third_Party/FreeRTOS/Source/portable/MemMang/heap_4.o
 *(COMMON)
                0x20001100                        . = ALIGN (0x4)
                0x20001100                        _ebss = .
                0x20001100                        __bss_end__ = _ebss

._user_heap_stack
                0x20001100      0x600 load address 0x0800412c
                0x20001100                        . = ALIGN (0x8)
                [!provide]                        PROVIDE (end = .)
                0x20001100                        PROVIDE (_end = .)
                0x20001300                        . = (. + _Min_Heap_Size)
 *fill*         0x20001100      0x200 
                0x20001700                        . = (. + _Min_Stack_Size)
 *fill*         0x20001300      0x400 
                0x20001700                        . = ALIGN (0x8)

/DISCARD/
 libc.a(*)
 libm.a(*)
 libgcc.a(*)

.ARM.attributes
                0x00000000       0x29
 *(.ARM.attributes)
 .ARM.attributes
                0x00000000       0x1d C:/ST/STM32CubeIDE_2.0.0/STM32CubeIDE/plugins/com.st.stm32cube.ide.mcu.externaltools.gnu-tools-for-stm32.13.3.rel1.win32_1.0.100.202509120712/tools/bin/../lib/gcc/arm-none-eabi/13.3.1/thumb/v7-m/nofp/crti.o
 .ARM.attributes
                0x0000001d       0x2d C:/ST/STM32CubeIDE_2.0.0/STM32CubeIDE/plugins/com.st.stm32cube.ide.mcu.externaltools.gnu-tools-for-stm32.13.3.rel1.win32_1.0.100.202509120712/tools/bin/../lib/gcc/arm-none-eabi/13.3.1/thumb/v7-m/nofp/crtbegin.o
 .ARM.attributes
                0x0000004a       0x2d ./Core/Src/consolidacion.o
 .ARM.attributes
                0x00000077       0x2d ./Core/Src/freertos.o
 .ARM.attributes
                0x000000a4       0x2d ./Core/Src/gpio.o
 .ARM.attributes
                0x000000d1       0x2d ./Core/Src/i2c.o
 .ARM.attributes
                0x000000fe       0x2d ./Core/Src/main.o
 .ARM.attributes
                0x0000012b       0x2d ./Core/Src/spi.o
 .ARM.attributes
                0x00000158       0x2d ./Core/Src/stm32f1xx_hal_msp.o
 .ARM.attributes
                0x00000185       0x2d ./Core/Src/stm32f1xx_hal_timebase_tim.o
 .ARM.attributes
                0x000001b2       0x2d ./Core/Src/stm32f1xx_it.o
 .ARM.attributes
                0x000001df       0x2d ./Core/Src/system_stm32f1xx.o
 .ARM.attributes
                0x0000020c       0x2d ./Core/Src/telemetria_obc.o
 .ARM.attributes
                0x00000239       0x21 ./Core/Startup/startup_stm32f103c8tx.o
 .ARM.attributes
                0x0000025a       0x2d ./Drivers/STM32F1xx_HAL_Driver/Src/stm32f1xx_hal.o
 .ARM.attributes
                0x00000287       0x2d ./Drivers/STM32F1xx_HAL_Driver/Src/stm32f1xx_hal_cortex.o
 .ARM.attributes
                0x000002b4       0x2d ./Drivers/STM32F1xx_HAL_Driver/Src/stm32f1xx_hal_gpio.o
 .ARM.attributes
                0x000002e1       0x2d ./Drivers/STM32F1xx_HAL_Driver/Src/stm32f1xx_hal_i2c.o
 .ARM.attributes
                0x0000030e       0x2d ./Drivers/STM32F1xx_HAL_Driver/Src/stm32f1xx_hal_rcc.o
 .ARM.attributes
                0x0000033b       0x2d ./Drivers/STM32F1xx_HAL_Driver/Src/stm32f1xx_hal_spi.o
 .ARM.attributes
                0x00000368       0x2d ./Drivers/STM32F1xx_HAL_Driver/Src/stm32f1xx_hal_tim.o
 .ARM.attributes
                0x00000395       0x2d ./Drivers/STM32F1xx_HAL_Driver/Src/stm32f1xx_hal_tim_ex.o
 .ARM.attributes
                0x000003c2       0x2d ./Middlewares/Third_Party/FreeRTOS/Source/CMSIS_RTOS/cmsis_os.o
 .ARM.attributes
                0x000003ef       0x2d ./Middlewares/Third_Party/FreeRTOS/Source/list.o
 .ARM.attributes
                0x0000041c       0x2d ./Middlewares/Third_Party/FreeRTOS/Source/queue.o
 .ARM.attributes
                0x00000449       0x2d ./Middlewares/Third_Party/FreeRTOS/Source/tasks.o
 .ARM.attributes
                0x00000476       0x2d ./Middlewares/Third_Party/FreeRTOS/Source/portable/GCC/ARM_CM3/port.o
 .ARM.attributes
                0x000004a3       0x2d ./Middlewares/Third_Party/FreeRTOS/Source/portable/MemMang/heap_4.o
 .ARM.attributes
                0x000004d0       0x2d C:/ST/STM32CubeIDE_2.0.0/STM32CubeIDE/plugins/com.st.stm32cube.ide.mcu.externaltools.gnu-tools-for-stm32.13.3.rel1.win32_1.0.100.202509120712/tools/bin/../lib/gcc/arm-none-eabi/13.3.1/../../../../arm-none-eabi/lib/thumb/v7-m/nofp\libc_nano.a(libc_a-memset.o)
 .ARM.attributes
                0x000004fd       0x2d C:/ST/STM32CubeIDE_2.0.0/STM32CubeIDE/plugins/com.st.stm32cube.ide.mcu.externaltools.gnu-tools-for-stm32.13.3.rel1.win32_1.0.100.202509120712/tools/bin/../lib/gcc/arm-none-eabi/13.3.1/../../../../arm-none-eabi/lib/thumb/v7-m/nofp\libc_nano.a(libc_a-init.o)
 .ARM.attributes
                0x0000052a       0x2d C:/ST/STM32CubeIDE_2.0.0/STM32CubeIDE/plugins/com.st.stm32cube.ide.mcu.externaltools.gnu-tools-for-stm32.13.3.rel1.win32_1.0.100.202509120712/tools/bin/../lib/gcc/arm-none-eabi/13.3.1/../../../../arm-none-eabi/lib/thumb/v7-m/nofp\libc_nano.a(libc_a-memcpy-stub.o)
 .ARM.attributes
                0x00000557       0x1d C:/ST/STM32CubeIDE_2.0.0/STM32CubeIDE/plugins/com.st.stm32cube.ide.mcu.externaltools.gnu-tools-for-stm32.13.3.rel1.win32_1.0.100.202509120712/tools/bin/../lib/gcc/arm-none-eabi/13.3.1/thumb/v7-m/nofp/crtn.o
OUTPUT(LecturaOBC_FreeRTOS.elf elf32-littlearm)
LOAD linker stubs
LOAD C:/ST/STM32CubeIDE_2.0.0/STM32CubeIDE/plugins/com.st.stm32cube.ide.mcu.externaltools.gnu-tools-for-stm32.13.3.rel1.win32_1.0.100.202509120712/tools/bin/../lib/gcc/arm-none-eabi/13.3.1/../../../../arm-none-eabi/lib/thumb/v7-m/nofp\libc.a
LOAD C:/ST/STM32CubeIDE_2.0.0/STM32CubeIDE/plugins/com.st.stm32cube.ide.mcu.externaltools.gnu-tools-for-stm32.13.3.rel1.win32_1.0.100.202509120712/tools/bin/../lib/gcc/arm-none-eabi/13.3.1/../../../../arm-none-eabi/lib/thumb/v7-m/nofp\libm.a
LOAD C:/ST/STM32CubeIDE_2.0.0/STM32CubeIDE/plugins/com.st.stm32cube.ide.mcu.externaltools.gnu-tools-for-stm32.13.3.rel1.win32_1.0.100.202509120712/tools/bin/../lib/gcc/arm-none-eabi/13.3.1/thumb/v7-m/nofp\libgcc.a

.debug_info     0x00000000    0x13127
 .debug_info    0x00000000      0x2ea ./Core/Src/consolidacion.o
 .debug_info    0x000002ea      0x6d3 ./Core/Src/freertos.o
 .debug_info    0x000009bd      0x2d3 ./Core/Src/gpio.o
 .debug_info    0x00000c90      0x7e3 ./Core/Src/i2c.o
 .debug_info    0x00001473      0x8af ./Core/Src/main.o
 .debug_info    0x00001d22      0x7bc ./Core/Src/spi.o
 .debug_info    0x000024de      0x361 ./Core/Src/stm32f1xx_hal_msp.o
 .debug_info    0x0000283f      0x99a ./Core/Src/stm32f1xx_hal_timebase_tim.o
 .debug_info    0x000031d9      0x66a ./Core/Src/stm32f1xx_it.o
 .debug_info    0x00003843      0x222 ./Core/Src/system_stm32f1xx.o
 .debug_info    0x00003a65      0x294 ./Core/Src/telemetria_obc.o
 .debug_info    0x00003cf9       0x30 ./Core/Startup/startup_stm32f103c8tx.o
 .debug_info    0x00003d29      0x704 ./Drivers/STM32F1xx_HAL_Driver/Src/stm32f1xx_hal.o
 .debug_info    0x0000442d      0xa87 ./Drivers/STM32F1xx_HAL_Driver/Src/stm32f1xx_hal_cortex.o
 .debug_info    0x00004eb4      0x5ab ./Drivers/STM32F1xx_HAL_Driver/Src/stm32f1xx_hal_gpio.o
 .debug_info    0x0000545f     0x2524 ./Drivers/STM32F1xx_HAL_Driver/Src/stm32f1xx_hal_i2c.o
 .debug_info    0x00007983      0x7d5 ./Drivers/STM32F1xx_HAL_Driver/Src/stm32f1xx_hal_rcc.o
 .debug_info    0x00008158     0x142d ./Drivers/STM32F1xx_HAL_Driver/Src/stm32f1xx_hal_spi.o
 .debug_info    0x00009585     0x2959 ./Drivers/STM32F1xx_HAL_Driver/Src/stm32f1xx_hal_tim.o
 .debug_info    0x0000bede     0x149b ./Drivers/STM32F1xx_HAL_Driver/Src/stm32f1xx_hal_tim_ex.o
 .debug_info    0x0000d379     0x1b90 ./Middlewares/Third_Party/FreeRTOS/Source/CMSIS_RTOS/cmsis_os.o
 .debug_info    0x0000ef09      0x2af ./Middlewares/Third_Party/FreeRTOS/Source/list.o
 .debug_info    0x0000f1b8     0x17cd ./Middlewares/Third_Party/FreeRTOS/Source/queue.o
 .debug_info    0x00010985     0x1e39 ./Middlewares/Third_Party/FreeRTOS/Source/tasks.o
 .debug_info    0x000127be      0x494 ./Middlewares/Third_Party/FreeRTOS/Source/portable/GCC/ARM_CM3/port.o
 .debug_info    0x00012c52      0x4d5 ./Middlewares/Third_Party/FreeRTOS/Source/portable/MemMang/heap_4.o

.debug_abbrev   0x00000000     0x3572
 .debug_abbrev  0x00000000      0x191 ./Core/Src/consolidacion.o
 .debug_abbrev  0x00000191      0x1cc ./Core/Src/freertos.o
 .debug_abbrev  0x0000035d      0x13f ./Core/Src/gpio.o
 .debug_abbrev  0x0000049c      0x1de ./Core/Src/i2c.o
 .debug_abbrev  0x0000067a      0x226 ./Core/Src/main.o
 .debug_abbrev  0x000008a0      0x1e7 ./Core/Src/spi.o
 .debug_abbrev  0x00000a87      0x11c ./Core/Src/stm32f1xx_hal_msp.o
 .debug_abbrev  0x00000ba3      0x1f3 ./Core/Src/stm32f1xx_hal_timebase_tim.o
 .debug_abbrev  0x00000d96      0x17c ./Core/Src/stm32f1xx_it.o
 .debug_abbrev  0x00000f12      0x13f ./Core/Src/system_stm32f1xx.o
 .debug_abbrev  0x00001051      0x152 ./Core/Src/telemetria_obc.o
 .debug_abbrev  0x000011a3       0x24 ./Core/Startup/startup_stm32f103c8tx.o
 .debug_abbrev  0x000011c7      0x201 ./Drivers/STM32F1xx_HAL_Driver/Src/stm32f1xx_hal.o
 .debug_abbrev  0x000013c8      0x2f8 ./Drivers/STM32F1xx_HAL_Driver/Src/stm32f1xx_hal_cortex.o
 .debug_abbrev  0x000016c0      0x1ca ./Drivers/STM32F1xx_HAL_Driver/Src/stm32f1xx_hal_gpio.o
 .debug_abbrev  0x0000188a      0x2a3 ./Drivers/STM32F1xx_HAL_Driver/Src/stm32f1xx_hal_i2c.o
 .debug_abbrev  0x00001b2d      0x2b3 ./Drivers/STM32F1xx_HAL_Driver/Src/stm32f1xx_hal_rcc.o
 .debug_abbrev  0x00001de0      0x27a ./Drivers/STM32F1xx_HAL_Driver/Src/stm32f1xx_hal_spi.o
 .debug_abbrev  0x0000205a      0x277 ./Drivers/STM32F1xx_HAL_Driver/Src/stm32f1xx_hal_tim.o
 .debug_abbrev  0x000022d1      0x282 ./Drivers/STM32F1xx_HAL_Driver/Src/stm32f1xx_hal_tim_ex.o
 .debug_abbrev  0x00002553      0x3a7 ./Middlewares/Third_Party/FreeRTOS/Source/CMSIS_RTOS/cmsis_os.o
 .debug_abbrev  0x000028fa       0xf5 ./Middlewares/Third_Party/FreeRTOS/Source/list.o
 .debug_abbrev  0x000029ef      0x3b5 ./Middlewares/Third_Party/FreeRTOS/Source/queue.o
 .debug_abbrev  0x00002da4      0x359 ./Middlewares/Third_Party/FreeRTOS/Source/tasks.o
 .debug_abbrev  0x000030fd      0x258 ./Middlewares/Third_Party/FreeRTOS/Source/portable/GCC/ARM_CM3/port.o
 .debug_abbrev  0x00003355      0x21d ./Middlewares/Third_Party/FreeRTOS/Source/portable/MemMang/heap_4.o

.debug_aranges  0x00000000     0x1458
 .debug_aranges
                0x00000000       0x20 ./Core/Src/consolidacion.o
 .debug_aranges
                0x00000020       0x38 ./Core/Src/freertos.o
 .debug_aranges
                0x00000058       0x20 ./Core/Src/gpio.o
 .debug_aranges
                0x00000078       0x30 ./Core/Src/i2c.o
 .debug_aranges
                0x000000a8       0x38 ./Core/Src/main.o
 .debug_aranges
                0x000000e0       0x30 ./Core/Src/spi.o
 .debug_aranges
                0x00000110       0x20 ./Core/Src/stm32f1xx_hal_msp.o
 .debug_aranges
                0x00000130       0x30 ./Core/Src/stm32f1xx_hal_timebase_tim.o
 .debug_aranges
                0x00000160       0x50 ./Core/Src/stm32f1xx_it.o
 .debug_aranges
                0x000001b0       0x28 ./Core/Src/system_stm32f1xx.o
 .debug_aranges
                0x000001d8       0x20 ./Core/Src/telemetria_obc.o
 .debug_aranges
                0x000001f8       0x28 ./Core/Startup/startup_stm32f103c8tx.o
 .debug_aranges
                0x00000220       0xe0 ./Drivers/STM32F1xx_HAL_Driver/Src/stm32f1xx_hal.o
 .debug_aranges
                0x00000300      0x100 ./Drivers/STM32F1xx_HAL_Driver/Src/stm32f1xx_hal_cortex.o
 .debug_aranges
                0x00000400       0x58 ./Drivers/STM32F1xx_HAL_Driver/Src/stm32f1xx_hal_gpio.o
 .debug_aranges
                0x00000458      0x2a8 ./Drivers/STM32F1xx_HAL_Driver/Src/stm32f1xx_hal_i2c.o
 .debug_aranges
                0x00000700       0x90 ./Drivers/STM32F1xx_HAL_Driver/Src/stm32f1xx_hal_rcc.o
 .debug_aranges
                0x00000790      0x1d0 ./Drivers/STM32F1xx_HAL_Driver/Src/stm32f1xx_hal_spi.o
 .debug_aranges
                0x00000960      0x3d0 ./Drivers/STM32F1xx_HAL_Driver/Src/stm32f1xx_hal_tim.o
 .debug_aranges
                0x00000d30      0x168 ./Drivers/STM32F1xx_HAL_Driver/Src/stm32f1xx_hal_tim_ex.o
 .debug_aranges
                0x00000e98      0x1d8 ./Middlewares/Third_Party/FreeRTOS/Source/CMSIS_RTOS/cmsis_os.o
 .debug_aranges
                0x00001070       0x40 ./Middlewares/Third_Party/FreeRTOS/Source/list.o
 .debug_aranges
                0x000010b0      0x108 ./Middlewares/Third_Party/FreeRTOS/Source/queue.o
 .debug_aranges
                0x000011b8      0x1d0 ./Middlewares/Third_Party/FreeRTOS/Source/tasks.o
 .debug_aranges
                0x00001388       0x78 ./Middlewares/Third_Party/FreeRTOS/Source/portable/GCC/ARM_CM3/port.o
 .debug_aranges
                0x00001400       0x58 ./Middlewares/Third_Party/FreeRTOS/Source/portable/MemMang/heap_4.o

.debug_rnglists
                0x00000000      0xfc2
 .debug_rnglists
                0x00000000       0x13 ./Core/Src/consolidacion.o
 .debug_rnglists
                0x00000013       0x26 ./Core/Src/freertos.o
 .debug_rnglists
                0x00000039       0x14 ./Core/Src/gpio.o
 .debug_rnglists
                0x0000004d       0x20 ./Core/Src/i2c.o
 .debug_rnglists
                0x0000006d       0x26 ./Core/Src/main.o
 .debug_rnglists
                0x00000093       0x20 ./Core/Src/spi.o
 .debug_rnglists
                0x000000b3       0x13 ./Core/Src/stm32f1xx_hal_msp.o
 .debug_rnglists
                0x000000c6       0x20 ./Core/Src/stm32f1xx_hal_timebase_tim.o
 .debug_rnglists
                0x000000e6       0x37 ./Core/Src/stm32f1xx_it.o
 .debug_rnglists
                0x0000011d       0x1a ./Core/Src/system_stm32f1xx.o
 .debug_rnglists
                0x00000137       0x13 ./Core/Src/telemetria_obc.o
 .debug_rnglists
                0x0000014a       0x19 ./Core/Startup/startup_stm32f103c8tx.o
 .debug_rnglists
                0x00000163       0xa3 ./Drivers/STM32F1xx_HAL_Driver/Src/stm32f1xx_hal.o
 .debug_rnglists
                0x00000206       0xbb ./Drivers/STM32F1xx_HAL_Driver/Src/stm32f1xx_hal_cortex.o
 .debug_rnglists
                0x000002c1       0x3f ./Drivers/STM32F1xx_HAL_Driver/Src/stm32f1xx_hal_gpio.o
 .debug_rnglists
                0x00000300      0x23c ./Drivers/STM32F1xx_HAL_Driver/Src/stm32f1xx_hal_i2c.o
 .debug_rnglists
                0x0000053c       0x6c ./Drivers/STM32F1xx_HAL_Driver/Src/stm32f1xx_hal_rcc.o
 .debug_rnglists
                0x000005a8      0x16e ./Drivers/STM32F1xx_HAL_Driver/Src/stm32f1xx_hal_spi.o
 .debug_rnglists
                0x00000716      0x31a ./Drivers/STM32F1xx_HAL_Driver/Src/stm32f1xx_hal_tim.o
 .debug_rnglists
                0x00000a30      0x125 ./Drivers/STM32F1xx_HAL_Driver/Src/stm32f1xx_hal_tim_ex.o
 .debug_rnglists
                0x00000b55      0x16a ./Middlewares/Third_Party/FreeRTOS/Source/CMSIS_RTOS/cmsis_os.o
 .debug_rnglists
                0x00000cbf       0x2b ./Middlewares/Third_Party/FreeRTOS/Source/list.o
 .debug_rnglists
                0x00000cea       0xcd ./Middlewares/Third_Party/FreeRTOS/Source/queue.o
 .debug_rnglists
                0x00000db7      0x172 ./Middlewares/Third_Party/FreeRTOS/Source/tasks.o
 .debug_rnglists
                0x00000f29       0x57 ./Middlewares/Third_Party/FreeRTOS/Source/portable/GCC/ARM_CM3/port.o
 .debug_rnglists
                0x00000f80       0x42 ./Middlewares/Third_Party/FreeRTOS/Source/portable/MemMang/heap_4.o

.debug_macro    0x00000000    0x19865
 .debug_macro   0x00000000      0x24b ./Core/Src/consolidacion.o
 .debug_macro   0x0000024b      0xacc ./Core/Src/consolidacion.o
 .debug_macro   0x00000d17      0x190 ./Core/Src/consolidacion.o
 .debug_macro   0x00000ea7       0x22 ./Core/Src/consolidacion.o
 .debug_macro   0x00000ec9       0x8e ./Core/Src/consolidacion.o
 .debug_macro   0x00000f57       0x51 ./Core/Src/consolidacion.o
 .debug_macro   0x00000fa8      0x103 ./Core/Src/consolidacion.o
 .debug_macro   0x000010ab       0x6a ./Core/Src/consolidacion.o
 .debug_macro   0x00001115      0x1df ./Core/Src/consolidacion.o
 .debug_macro   0x000012f4       0xf1 ./Core/Src/consolidacion.o
 .debug_macro   0x000013e5      0x15a ./Core/Src/consolidacion.o
 .debug_macro   0x0000153f       0xde ./Core/Src/consolidacion.o
 .debug_macro   0x0000161d       0x1c ./Core/Src/consolidacion.o
 .debug_macro   0x00001639       0x26 ./Core/Src/consolidacion.o
 .debug_macro   0x0000165f      0x4fd ./Core/Src/consolidacion.o
 .debug_macro   0x00001b5c       0xb5 ./Core/Src/consolidacion.o
 .debug_macro   0x00001c11       0xaa ./Core/Src/consolidacion.o
 .debug_macro   0x00001cbb       0x87 ./Core/Src/consolidacion.o
 .debug_macro   0x00001d42      0x221 ./Core/Src/consolidacion.o
 .debug_macro   0x00001f63       0x2e ./Core/Src/consolidacion.o
 .debug_macro   0x00001f91       0x22 ./Core/Src/consolidacion.o
 .debug_macro   0x00001fb3       0x1c ./Core/Src/consolidacion.o
 .debug_macro   0x00001fcf       0x22 ./Core/Src/consolidacion.o
 .debug_macro   0x00001ff1       0xbd ./Core/Src/consolidacion.o
 .debug_macro   0x000020ae      0xd23 ./Core/Src/consolidacion.o
 .debug_macro   0x00002dd1     0xe09e ./Core/Src/consolidacion.o
 .debug_macro   0x00010e6f       0x6d ./Core/Src/consolidacion.o
 .debug_macro   0x00010edc     0x34a2 ./Core/Src/consolidacion.o
 .debug_macro   0x0001437e       0x5c ./Core/Src/consolidacion.o
 .debug_macro   0x000143da      0x5bc ./Core/Src/consolidacion.o
 .debug_macro   0x00014996      0x289 ./Core/Src/consolidacion.o
 .debug_macro   0x00014c1f      0x1cb ./Core/Src/consolidacion.o
 .debug_macro   0x00014dea      0x114 ./Core/Src/consolidacion.o
 .debug_macro   0x00014efe      0x1b2 ./Core/Src/consolidacion.o
 .debug_macro   0x000150b0       0x27 ./Core/Src/consolidacion.o
 .debug_macro   0x000150d7      0x136 ./Core/Src/consolidacion.o
 .debug_macro   0x0001520d      0x1bc ./Core/Src/consolidacion.o
 .debug_macro   0x000153c9       0x34 ./Core/Src/consolidacion.o
 .debug_macro   0x000153fd       0x3c ./Core/Src/consolidacion.o
 .debug_macro   0x00015439       0x57 ./Core/Src/consolidacion.o
 .debug_macro   0x00015490       0x87 ./Core/Src/consolidacion.o
 .debug_macro   0x00015517      0x240 ./Core/Src/consolidacion.o
 .debug_macro   0x00015757      0x287 ./Core/Src/consolidacion.o
 .debug_macro   0x000159de      0x140 ./Core/Src/consolidacion.o
 .debug_macro   0x00015b1e      0x217 ./Core/Src/consolidacion.o
 .debug_macro   0x00015d35      0x8ed ./Core/Src/consolidacion.o
 .debug_macro   0x00016622       0x83 ./Core/Src/consolidacion.o
 .debug_macro   0x000166a5       0x10 ./Core/Src/consolidacion.o
 .debug_macro   0x000166b5      0x283 ./Core/Src/freertos.o
 .debug_macro   0x00016938       0x91 ./Core/Src/freertos.o
 .debug_macro   0x000169c9       0x8d ./Core/Src/freertos.o
 .debug_macro   0x00016a56       0x7e ./Core/Src/freertos.o
 .debug_macro   0x00016ad4       0x19 ./Core/Src/freertos.o
 .debug_macro   0x00016aed       0xf2 ./Core/Src/freertos.o
 .debug_macro   0x00016bdf      0x1c6 ./Core/Src/gpio.o
 .debug_macro   0x00016da5      0x1c6 ./Core/Src/i2c.o
 .debug_macro   0x00016f6b      0x291 ./Core/Src/main.o
 .debug_macro   0x000171fc       0xf1 ./Core/Src/main.o
 .debug_macro   0x000172ed      0x1c6 ./Core/Src/spi.o
 .debug_macro   0x000174b3      0x1bc ./Core/Src/stm32f1xx_hal_msp.o
 .debug_macro   0x0001766f      0x1ad ./Core/Src/stm32f1xx_hal_timebase_tim.o
 .debug_macro   0x0001781c      0x1c6 ./Core/Src/stm32f1xx_it.o
 .debug_macro   0x000179e2      0x1ad ./Core/Src/system_stm32f1xx.o
 .debug_macro   0x00017b8f      0x241 ./Core/Src/telemetria_obc.o
 .debug_macro   0x00017dd0      0x1d1 ./Drivers/STM32F1xx_HAL_Driver/Src/stm32f1xx_hal.o
 .debug_macro   0x00017fa1      0x1ad ./Drivers/STM32F1xx_HAL_Driver/Src/stm32f1xx_hal_cortex.o
 .debug_macro   0x0001814e      0x218 ./Drivers/STM32F1xx_HAL_Driver/Src/stm32f1xx_hal_gpio.o
 .debug_macro   0x00018366      0x1fb ./Drivers/STM32F1xx_HAL_Driver/Src/stm32f1xx_hal_i2c.o
 .debug_macro   0x00018561      0x1bf ./Drivers/STM32F1xx_HAL_Driver/Src/stm32f1xx_hal_rcc.o
 .debug_macro   0x00018720      0x1b5 ./Drivers/STM32F1xx_HAL_Driver/Src/stm32f1xx_hal_spi.o
 .debug_macro   0x000188d5      0x1ae ./Drivers/STM32F1xx_HAL_Driver/Src/stm32f1xx_hal_tim.o
 .debug_macro   0x00018a83      0x1ad ./Drivers/STM32F1xx_HAL_Driver/Src/stm32f1xx_hal_tim_ex.o
 .debug_macro   0x00018c30      0x1fe ./Middlewares/Third_Party/FreeRTOS/Source/CMSIS_RTOS/cmsis_os.o
 .debug_macro   0x00018e2e       0x10 ./Middlewares/Third_Party/FreeRTOS/Source/CMSIS_RTOS/cmsis_os.o
 .debug_macro   0x00018e3e       0x20 ./Middlewares/Third_Party/FreeRTOS/Source/CMSIS_RTOS/cmsis_os.o
 .debug_macro   0x00018e5e       0xab ./Middlewares/Third_Party/FreeRTOS/Source/CMSIS_RTOS/cmsis_os.o
 .debug_macro   0x00018f09      0x187 ./Middlewares/Third_Party/FreeRTOS/Source/list.o
 .debug_macro   0x00019090      0x216 ./Middlewares/Third_Party/FreeRTOS/Source/queue.o
 .debug_macro   0x000192a6       0x16 ./Middlewares/Third_Party/FreeRTOS/Source/queue.o
 .debug_macro   0x000192bc      0x279 ./Middlewares/Third_Party/FreeRTOS/Source/tasks.o
 .debug_macro   0x00019535       0x10 ./Middlewares/Third_Party/FreeRTOS/Source/tasks.o
 .debug_macro   0x00019545      0x172 ./Middlewares/Third_Party/FreeRTOS/Source/portable/GCC/ARM_CM3/port.o
 .debug_macro   0x000196b7      0x1ae ./Middlewares/Third_Party/FreeRTOS/Source/portable/MemMang/heap_4.o

.debug_line     0x00000000    0x185dc
 .debug_line    0x00000000      0x879 ./Core/Src/consolidacion.o
 .debug_line    0x00000879      0x923 ./Core/Src/freertos.o
 .debug_line    0x0000119c      0x734 ./Core/Src/gpio.o
 .debug_line    0x000018d0      0x780 ./Core/Src/i2c.o
 .debug_line    0x00002050      0x93e ./Core/Src/main.o
 .debug_line    0x0000298e      0x792 ./Core/Src/spi.o
 .debug_line    0x00003120      0x718 ./Core/Src/stm32f1xx_hal_msp.o
 .debug_line    0x00003838      0x783 ./Core/Src/stm32f1xx_hal_timebase_tim.o
 .debug_line    0x00003fbb      0x79f ./Core/Src/stm32f1xx_it.o
 .debug_line    0x0000475a      0x795 ./Core/Src/system_stm32f1xx.o
 .debug_line    0x00004eef      0x867 ./Core/Src/telemetria_obc.o
 .debug_line    0x00005756       0x78 ./Core/Startup/startup_stm32f103c8tx.o
 .debug_line    0x000057ce      0x9c6 ./Drivers/STM32F1xx_HAL_Driver/Src/stm32f1xx_hal.o
 .debug_line    0x00006194      0xb90 ./Drivers/STM32F1xx_HAL_Driver/Src/stm32f1xx_hal_cortex.o
 .debug_line    0x00006d24      0xa23 ./Drivers/STM32F1xx_HAL_Driver/Src/stm32f1xx_hal_gpio.o
 .debug_line    0x00007747     0x3bc3 ./Drivers/STM32F1xx_HAL_Driver/Src/stm32f1xx_hal_i2c.o
 .debug_line    0x0000b30a      0xe7f ./Drivers/STM32F1xx_HAL_Driver/Src/stm32f1xx_hal_rcc.o
 .debug_line    0x0000c189     0x1c5d ./Drivers/STM32F1xx_HAL_Driver/Src/stm32f1xx_hal_spi.o
 .debug_line    0x0000dde6     0x34b4 ./Drivers/STM32F1xx_HAL_Driver/Src/stm32f1xx_hal_tim.o
 .debug_line    0x0001129a     0x188a ./Drivers/STM32F1xx_HAL_Driver/Src/stm32f1xx_hal_tim_ex.o
 .debug_line    0x00012b24     0x1319 ./Middlewares/Third_Party/FreeRTOS/Source/CMSIS_RTOS/cmsis_os.o
 .debug_line    0x00013e3d      0x790 ./Middlewares/Third_Party/FreeRTOS/Source/list.o
 .debug_line    0x000145cd     0x14d4 ./Middlewares/Third_Party/FreeRTOS/Source/queue.o
 .debug_line    0x00015aa1     0x19d7 ./Middlewares/Third_Party/FreeRTOS/Source/tasks.o
 .debug_line    0x00017478      0x7be ./Middlewares/Third_Party/FreeRTOS/Source/portable/GCC/ARM_CM3/port.o
 .debug_line    0x00017c36      0x9a6 ./Middlewares/Third_Party/FreeRTOS/Source/portable/MemMang/heap_4.o

.debug_str      0x00000000    0x94983
 .debug_str     0x00000000    0x94983 ./Core/Src/consolidacion.o
                              0x88f75 (size before relaxing)
 .debug_str     0x00094983        0x0 ./Core/Src/freertos.o
                              0x8ac74 (size before relaxing)
 .debug_str     0x00094983        0x0 ./Core/Src/gpio.o
                              0x8490a (size before relaxing)
 .debug_str     0x00094983        0x0 ./Core/Src/i2c.o
                              0x84dc4 (size before relaxing)
 .debug_str     0x00094983        0x0 ./Core/Src/main.o
                              0x8af5d (size before relaxing)
 .debug_str     0x00094983        0x0 ./Core/Src/spi.o
                              0x84d1b (size before relaxing)
 .debug_str     0x00094983        0x0 ./Core/Src/stm32f1xx_hal_msp.o
                              0x84b86 (size before relaxing)
 .debug_str     0x00094983        0x0 ./Core/Src/stm32f1xx_hal_timebase_tim.o
                              0x85148 (size before relaxing)
 .debug_str     0x00094983        0x0 ./Core/Src/stm32f1xx_it.o
                              0x84d64 (size before relaxing)
 .debug_str     0x00094983        0x0 ./Core/Src/system_stm32f1xx.o
                              0x84890 (size before relaxing)
 .debug_str     0x00094983        0x0 ./Core/Src/telemetria_obc.o
                              0x88f80 (size before relaxing)
 .debug_str     0x00094983        0x0 ./Core/Startup/startup_stm32f103c8tx.o
                                 0x8c (size before relaxing)
 .debug_str     0x00094983        0x0 ./Drivers/STM32F1xx_HAL_Driver/Src/stm32f1xx_hal.o
                              0x84fc3 (size before relaxing)
 .debug_str     0x00094983        0x0 ./Drivers/STM32F1xx_HAL_Driver/Src/stm32f1xx_hal_cortex.o
                              0x84f0f (size before relaxing)
 .debug_str     0x00094983        0x0 ./Drivers/STM32F1xx_HAL_Driver/Src/stm32f1xx_hal_gpio.o
                              0x84c16 (size before relaxing)
 .debug_str     0x00094983        0x0 ./Drivers/STM32F1xx_HAL_Driver/Src/stm32f1xx_hal_i2c.o
                              0x85957 (size before relaxing)
 .debug_str     0x00094983        0x0 ./Drivers/STM32F1xx_HAL_Driver/Src/stm32f1xx_hal_rcc.o
                              0x84cbf (size before relaxing)
 .debug_str     0x00094983        0x0 ./Drivers/STM32F1xx_HAL_Driver/Src/stm32f1xx_hal_spi.o
                              0x851b6 (size before relaxing)
 .debug_str     0x00094983        0x0 ./Drivers/STM32F1xx_HAL_Driver/Src/stm32f1xx_hal_tim.o
                              0x85cc1 (size before relaxing)
 .debug_str     0x00094983        0x0 ./Drivers/STM32F1xx_HAL_Driver/Src/stm32f1xx_hal_tim_ex.o
                              0x854cd (size before relaxing)
 .debug_str     0x00094983        0x0 ./Middlewares/Third_Party/FreeRTOS/Source/CMSIS_RTOS/cmsis_os.o
                               0xe6ed (size before relaxing)
 .debug_str     0x00094983        0x0 ./Middlewares/Third_Party/FreeRTOS/Source/list.o
                               0xabdd (size before relaxing)
 .debug_str     0x00094983        0x0 ./Middlewares/Third_Party/FreeRTOS/Source/queue.o
                               0xc570 (size before relaxing)
 .debug_str     0x00094983        0x0 ./Middlewares/Third_Party/FreeRTOS/Source/tasks.o
                               0xcfe8 (size before relaxing)
 .debug_str     0x00094983        0x0 ./Middlewares/Third_Party/FreeRTOS/Source/portable/GCC/ARM_CM3/port.o
                               0x867f (size before relaxing)
 .debug_str     0x00094983        0x0 ./Middlewares/Third_Party/FreeRTOS/Source/portable/MemMang/heap_4.o
                               0xb51f (size before relaxing)

.comment        0x00000000       0x43
 .comment       0x00000000       0x43 ./Core/Src/consolidacion.o
                                 0x44 (size before relaxing)
 .comment       0x00000043        0x0 ./Core/Src/freertos.o
                                 0x44 (size before relaxing)
 .comment       0x00000043        0x0 ./Core/Src/gpio.o
                                 0x44 (size before relaxing)
 .comment       0x00000043        0x0 ./Core/Src/i2c.o
                                 0x44 (size before relaxing)
 .comment       0x00000043        0x0 ./Core/Src/main.o
                                 0x44 (size before relaxing)
 .comment       0x00000043        0x0 ./Core/Src/spi.o
                                 0x44 (size before relaxing)
 .comment       0x00000043        0x0 ./Core/Src/stm32f1xx_hal_msp.o
                                 0x44 (size before relaxing)
 .comment       0x00000043        0x0 ./Core/Src/stm32f1xx_hal_timebase_tim.o
                                 0x44 (size before relaxing)
 .comment       0x00000043        0x0 ./Core/Src/stm32f1xx_it.o
                                 0x44 (size before relaxing)
 .comment       0x00000043        0x0 ./Core/Src/system_stm32f1xx.o
                                 0x44 (size before relaxing)
 .comment       0x00000043        0x0 ./Core/Src/telemetria_obc.o
                                 0x44 (size before relaxing)
 .comment       0x00000043        0x0 ./Drivers/STM32F1xx_HAL_Driver/Src/stm32f1xx_hal.o
                                 0x44 (size before relaxing)
 .comment       0x00000043        0x0 ./Drivers/STM32F1xx_HAL_Driver/Src/stm32f1xx_hal_cortex.o
                                 0x44 (size before relaxing)
 .comment       0x00000043        0x0 ./Drivers/STM32F1xx_HAL_Driver/Src/stm32f1xx_hal_gpio.o
                                 0x44 (size before relaxing)
 .comment       0x00000043        0x0 ./Drivers/STM32F1xx_HAL_Driver/Src/stm32f1xx_hal_i2c.o
                                 0x44 (size before relaxing)
 .comment       0x00000043        0x0 ./Drivers/STM32F1xx_HAL_Driver/Src/stm32f1xx_hal_rcc.o
                                 0x44 (size before relaxing)
 .comment       0x00000043        0x0 ./Drivers/STM32F1xx_HAL_Driver/Src/stm32f1xx_hal_spi.o
                                 0x44 (size before relaxing)
 .comment       0x00000043        0x0 ./Drivers/STM32F1xx_HAL_Driver/Src/stm32f1xx_hal_tim.o
                                 0x44 (size before relaxing)
 .comment       0x00000043        0x0 ./Drivers/STM32F1xx_HAL_Driver/Src/stm32f1xx_hal_tim_ex.o
                                 0x44 (size before relaxing)
 .comment       0x00000043        0x0 ./Middlewares/Third_Party/FreeRTOS/Source/CMSIS_RTOS/cmsis_os.o
                                 0x44 (size before relaxing)
 .comment       0x00000043        0x0 ./Middlewares/Third_Party/FreeRTOS/Source/list.o
                                 0x44 (size before relaxing)
 .comment       0x00000043        0x0 ./Middlewares/Third_Party/FreeRTOS/Source/queue.o
                                 0x44 (size before relaxing)
 .comment       0x00000043        0x0 ./Middlewares/Third_Party/FreeRTOS/Source/tasks.o
                                 0x44 (size before relaxing)
 .comment       0x00000043        0x0 ./Middlewares/Third_Party/FreeRTOS/Source/portable/GCC/ARM_CM3/port.o
                                 0x44 (size before relaxing)
 .comment       0x00000043        0x0 ./Middlewares/Third_Party/FreeRTOS/Source/portable/MemMang/heap_4.o
                                 0x44 (size before relaxing)

.debug_frame    0x00000000     0x543c
 .debug_frame   0x00000000       0x30 ./Core/Src/consolidacion.o
 .debug_frame   0x00000030       0xa8 ./Core/Src/freertos.o
 .debug_frame   0x000000d8       0x34 ./Core/Src/gpio.o
 .debug_frame   0x0000010c       0x74 ./Core/Src/i2c.o
 .debug_frame   0x00000180       0x8c ./Core/Src/main.o
 .debug_frame   0x0000020c       0x74 ./Core/Src/spi.o
 .debug_frame   0x00000280       0x34 ./Core/Src/stm32f1xx_hal_msp.o
 .debug_frame   0x000002b4       0x74 ./Core/Src/stm32f1xx_hal_timebase_tim.o
 .debug_frame   0x00000328       0xc4 ./Core/Src/stm32f1xx_it.o
 .debug_frame   0x000003ec       0x58 ./Core/Src/system_stm32f1xx.o
 .debug_frame   0x00000444       0x30 ./Core/Src/telemetria_obc.o
 .debug_frame   0x00000474      0x334 ./Drivers/STM32F1xx_HAL_Driver/Src/stm32f1xx_hal.o
 .debug_frame   0x000007a8      0x428 ./Drivers/STM32F1xx_HAL_Driver/Src/stm32f1xx_hal_cortex.o
 .debug_frame   0x00000bd0      0x14c ./Drivers/STM32F1xx_HAL_Driver/Src/stm32f1xx_hal_gpio.o
 .debug_frame   0x00000d1c      0xc84 ./Drivers/STM32F1xx_HAL_Driver/Src/stm32f1xx_hal_i2c.o
 .debug_frame   0x000019a0      0x218 ./Drivers/STM32F1xx_HAL_Driver/Src/stm32f1xx_hal_rcc.o
 .debug_frame   0x00001bb8      0x824 ./Drivers/STM32F1xx_HAL_Driver/Src/stm32f1xx_hal_spi.o
 .debug_frame   0x000023dc     0x11b8 ./Drivers/STM32F1xx_HAL_Driver/Src/stm32f1xx_hal_tim.o
 .debug_frame   0x00003594      0x638 ./Drivers/STM32F1xx_HAL_Driver/Src/stm32f1xx_hal_tim_ex.o
 .debug_frame   0x00003bcc      0x808 ./Middlewares/Third_Party/FreeRTOS/Source/CMSIS_RTOS/cmsis_os.o
 .debug_frame   0x000043d4       0xd8 ./Middlewares/Third_Party/FreeRTOS/Source/list.o
 .debug_frame   0x000044ac      0x46c ./Middlewares/Third_Party/FreeRTOS/Source/queue.o
 .debug_frame   0x00004918      0x7ec ./Middlewares/Third_Party/FreeRTOS/Source/tasks.o
 .debug_frame   0x00005104      0x198 ./Middlewares/Third_Party/FreeRTOS/Source/portable/GCC/ARM_CM3/port.o
 .debug_frame   0x0000529c      0x12c ./Middlewares/Third_Party/FreeRTOS/Source/portable/MemMang/heap_4.o
 .debug_frame   0x000053c8       0x20 C:/ST/STM32CubeIDE_2.0.0/STM32CubeIDE/plugins/com.st.stm32cube.ide.mcu.externaltools.gnu-tools-for-stm32.13.3.rel1.win32_1.0.100.202509120712/tools/bin/../lib/gcc/arm-none-eabi/13.3.1/../../../../arm-none-eabi/lib/thumb/v7-m/nofp\libc_nano.a(libc_a-memset.o)
 .debug_frame   0x000053e8       0x2c C:/ST/STM32CubeIDE_2.0.0/STM32CubeIDE/plugins/com.st.stm32cube.ide.mcu.externaltools.gnu-tools-for-stm32.13.3.rel1.win32_1.0.100.202509120712/tools/bin/../lib/gcc/arm-none-eabi/13.3.1/../../../../arm-none-eabi/lib/thumb/v7-m/nofp\libc_nano.a(libc_a-init.o)
 .debug_frame   0x00005414       0x28 C:/ST/STM32CubeIDE_2.0.0/STM32CubeIDE/plugins/com.st.stm32cube.ide.mcu.externaltools.gnu-tools-for-stm32.13.3.rel1.win32_1.0.100.202509120712/tools/bin/../lib/gcc/arm-none-eabi/13.3.1/../../../../arm-none-eabi/lib/thumb/v7-m/nofp\libc_nano.a(libc_a-memcpy-stub.o)

.debug_line_str
                0x00000000       0x70
 .debug_line_str
                0x00000000       0x70 ./Core/Startup/startup_stm32f103c8tx.o
